Component: Arm Compiler for Embedded 6.23 Tool: armlink [5f102400]

==============================================================================

Section Cross References

    startup_stm32h723xx.o(RESET) refers to startup_stm32h723xx.o(STACK) for __initial_sp
    startup_stm32h723xx.o(RESET) refers to startup_stm32h723xx.o(.text) for Reset_Handler
    startup_stm32h723xx.o(RESET) refers to stm32h7xx_it.o(.text.NMI_Handler) for NMI_Handler
    startup_stm32h723xx.o(RESET) refers to stm32h7xx_it.o(.text.HardFault_Handler) for HardFault_Handler
    startup_stm32h723xx.o(RESET) refers to stm32h7xx_it.o(.text.MemManage_Handler) for MemManage_Handler
    startup_stm32h723xx.o(RESET) refers to stm32h7xx_it.o(.text.BusFault_Handler) for BusFault_Handler
    startup_stm32h723xx.o(RESET) refers to stm32h7xx_it.o(.text.UsageFault_Handler) for UsageFault_Handler
    startup_stm32h723xx.o(RESET) refers to stm32h7xx_it.o(.text.SVC_Handler) for SVC_Handler
    startup_stm32h723xx.o(RESET) refers to stm32h7xx_it.o(.text.DebugMon_Handler) for DebugMon_Handler
    startup_stm32h723xx.o(RESET) refers to stm32h7xx_it.o(.text.PendSV_Handler) for PendSV_Handler
    startup_stm32h723xx.o(RESET) refers to stm32h7xx_it.o(.text.SysTick_Handler) for SysTick_Handler
    startup_stm32h723xx.o(RESET) refers to stm32h7xx_it.o(.text.DMA1_Stream0_IRQHandler) for DMA1_Stream0_IRQHandler
    startup_stm32h723xx.o(RESET) refers to stm32h7xx_it.o(.text.DMA1_Stream1_IRQHandler) for DMA1_Stream1_IRQHandler
    startup_stm32h723xx.o(RESET) refers to stm32h7xx_it.o(.text.DMA1_Stream2_IRQHandler) for DMA1_Stream2_IRQHandler
    startup_stm32h723xx.o(RESET) refers to stm32h7xx_it.o(.text.FDCAN1_IT0_IRQHandler) for FDCAN1_IT0_IRQHandler
    startup_stm32h723xx.o(RESET) refers to stm32h7xx_it.o(.text.FDCAN2_IT0_IRQHandler) for FDCAN2_IT0_IRQHandler
    startup_stm32h723xx.o(RESET) refers to stm32h7xx_it.o(.text.USART1_IRQHandler) for USART1_IRQHandler
    startup_stm32h723xx.o(RESET) refers to stm32h7xx_it.o(.text.USART2_IRQHandler) for USART2_IRQHandler
    startup_stm32h723xx.o(RESET) refers to stm32h7xx_it.o(.text.FDCAN3_IT0_IRQHandler) for FDCAN3_IT0_IRQHandler
    startup_stm32h723xx.o(.text) refers to system_stm32h7xx.o(.text.SystemInit) for SystemInit
    startup_stm32h723xx.o(.text) refers to __main.o(!!!main) for __main
    main.o(.text.main) refers to stm32h7xx_hal.o(.text.HAL_Init) for HAL_Init
    main.o(.text.main) refers to main.o(.text.SystemClock_Config) for SystemClock_Config
    main.o(.text.main) refers to gpio.o(.text.MX_GPIO_Init) for MX_GPIO_Init
    main.o(.text.main) refers to dma.o(.text.MX_DMA_Init) for MX_DMA_Init
    main.o(.text.main) refers to tim.o(.text.MX_TIM2_Init) for MX_TIM2_Init
    main.o(.text.main) refers to fdcan.o(.text.MX_FDCAN1_Init) for MX_FDCAN1_Init
    main.o(.text.main) refers to usart.o(.text.MX_USART1_UART_Init) for MX_USART1_UART_Init
    main.o(.text.main) refers to usart.o(.text.MX_USART2_UART_Init) for MX_USART2_UART_Init
    main.o(.text.main) refers to fdcan.o(.text.MX_FDCAN2_Init) for MX_FDCAN2_Init
    main.o(.text.main) refers to fdcan.o(.text.MX_FDCAN3_Init) for MX_FDCAN3_Init
    main.o(.text.main) refers to board.o(.text.allInit) for allInit
    main.o(.ARM.exidx.text.main) refers to main.o(.text.main) for [Anonymous Symbol]
    main.o(.text.SystemClock_Config) refers to main.o(.text.LL_FLASH_SetLatency) for LL_FLASH_SetLatency
    main.o(.text.SystemClock_Config) refers to main.o(.text.LL_FLASH_GetLatency) for LL_FLASH_GetLatency
    main.o(.text.SystemClock_Config) refers to main.o(.text.LL_PWR_ConfigSupply) for LL_PWR_ConfigSupply
    main.o(.text.SystemClock_Config) refers to main.o(.text.LL_PWR_SetRegulVoltageScaling) for LL_PWR_SetRegulVoltageScaling
    main.o(.text.SystemClock_Config) refers to main.o(.text.LL_RCC_HSE_Enable) for LL_RCC_HSE_Enable
    main.o(.text.SystemClock_Config) refers to main.o(.text.LL_RCC_HSE_IsReady) for LL_RCC_HSE_IsReady
    main.o(.text.SystemClock_Config) refers to main.o(.text.LL_RCC_HSI_Enable) for LL_RCC_HSI_Enable
    main.o(.text.SystemClock_Config) refers to main.o(.text.LL_RCC_HSI_IsReady) for LL_RCC_HSI_IsReady
    main.o(.text.SystemClock_Config) refers to main.o(.text.LL_RCC_HSI_SetCalibTrimming) for LL_RCC_HSI_SetCalibTrimming
    main.o(.text.SystemClock_Config) refers to main.o(.text.LL_RCC_HSI_SetDivider) for LL_RCC_HSI_SetDivider
    main.o(.text.SystemClock_Config) refers to main.o(.text.LL_RCC_PLL_SetSource) for LL_RCC_PLL_SetSource
    main.o(.text.SystemClock_Config) refers to main.o(.text.LL_RCC_PLL1P_Enable) for LL_RCC_PLL1P_Enable
    main.o(.text.SystemClock_Config) refers to main.o(.text.LL_RCC_PLL1_SetVCOInputRange) for LL_RCC_PLL1_SetVCOInputRange
    main.o(.text.SystemClock_Config) refers to main.o(.text.LL_RCC_PLL1_SetVCOOutputRange) for LL_RCC_PLL1_SetVCOOutputRange
    main.o(.text.SystemClock_Config) refers to main.o(.text.LL_RCC_PLL1_SetM) for LL_RCC_PLL1_SetM
[...]
    SPI4_IRQHandler                          0x080003b7   Thumb Code     0  startup_stm32h723xx.o(.text)
    SPI5_IRQHandler                          0x080003b7   Thumb Code     0  startup_stm32h723xx.o(.text)
    SPI6_IRQHandler                          0x080003b7   Thumb Code     0  startup_stm32h723xx.o(.text)
    SWPMI1_IRQHandler                        0x080003b7   Thumb Code     0  startup_stm32h723xx.o(.text)
    TAMP_STAMP_IRQHandler                    0x080003b7   Thumb Code     0  startup_stm32h723xx.o(.text)
    TIM15_IRQHandler                         0x080003b7   Thumb Code     0  startup_stm32h723xx.o(.text)
    TIM16_IRQHandler                         0x080003b7   Thumb Code     0  startup_stm32h723xx.o(.text)
    TIM17_IRQHandler                         0x080003b7   Thumb Code     0  startup_stm32h723xx.o(.text)
    TIM1_BRK_IRQHandler                      0x080003b7   Thumb Code     0  startup_stm32h723xx.o(.text)
    TIM1_CC_IRQHandler                       0x080003b7   Thumb Code     0  startup_stm32h723xx.o(.text)
    TIM1_TRG_COM_IRQHandler                  0x080003b7   Thumb Code     0  startup_stm32h723xx.o(.text)
    TIM1_UP_IRQHandler                       0x080003b7   Thumb Code     0  startup_stm32h723xx.o(.text)
    TIM23_IRQHandler                         0x080003b7   Thumb Code     0  startup_stm32h723xx.o(.text)
    TIM24_IRQHandler                         0x080003b7   Thumb Code     0  startup_stm32h723xx.o(.text)
    TIM2_IRQHandler                          0x080003b7   Thumb Code     0  startup_stm32h723xx.o(.text)
    TIM3_IRQHandler                          0x080003b7   Thumb Code     0  startup_stm32h723xx.o(.text)
    TIM4_IRQHandler                          0x080003b7   Thumb Code     0  startup_stm32h723xx.o(.text)
    TIM5_IRQHandler                          0x080003b7   Thumb Code     0  startup_stm32h723xx.o(.text)
    TIM6_DAC_IRQHandler                      0x080003b7   Thumb Code     0  startup_stm32h723xx.o(.text)
    TIM7_IRQHandler                          0x080003b7   Thumb Code     0  startup_stm32h723xx.o(.text)
    TIM8_BRK_TIM12_IRQHandler                0x080003b7   Thumb Code     0  startup_stm32h723xx.o(.text)
    TIM8_CC_IRQHandler                       0x080003b7   Thumb Code     0  startup_stm32h723xx.o(.text)
    TIM8_TRG_COM_TIM14_IRQHandler            0x080003b7   Thumb Code     0  startup_stm32h723xx.o(.text)
    TIM8_UP_TIM13_IRQHandler                 0x080003b7   Thumb Code     0  startup_stm32h723xx.o(.text)
    UART4_IRQHandler                         0x080003b7   Thumb Code     0  startup_stm32h723xx.o(.text)
    UART5_IRQHandler                         0x080003b7   Thumb Code     0  startup_stm32h723xx.o(.text)
    UART7_IRQHandler                         0x080003b7   Thumb Code     0  startup_stm32h723xx.o(.text)
    UART8_IRQHandler                         0x080003b7   Thumb Code     0  startup_stm32h723xx.o(.text)
    UART9_IRQHandler                         0x080003b7   Thumb Code     0  startup_stm32h723xx.o(.text)
    USART10_IRQHandler                       0x080003b7   Thumb Code     0  startup_stm32h723xx.o(.text)
    USART3_IRQHandler                        0x080003b7   Thumb Code     0  startup_stm32h723xx.o(.text)
    USART6_IRQHandler                        0x080003b7   Thumb Code     0  startup_stm32h723xx.o(.text)
    WAKEUP_PIN_IRQHandler                    0x080003b7   Thumb Code     0  startup_stm32h723xx.o(.text)
    WWDG_IRQHandler                          0x080003b7   Thumb Code     0  startup_stm32h723xx.o(.text)
    __aeabi_memcpy                           0x080003c1   Thumb Code     0  rt_memcpy_v6.o(.text)
    __rt_memcpy                              0x080003c1   Thumb Code   138  rt_memcpy_v6.o(.text)
    _memcpy_lastbytes                        0x08000427   Thumb Code     0  rt_memcpy_v6.o(.text)
    __aeabi_memcpy4                          0x0800044b   Thumb Code     0  rt_memcpy_w.o(.text)
    __aeabi_memcpy8                          0x0800044b   Thumb Code     0  rt_memcpy_w.o(.text)
    __rt_memcpy_w                            0x0800044b   Thumb Code   100  rt_memcpy_w.o(.text)
    _memcpy_lastbytes_aligned                0x08000493   Thumb Code     0  rt_memcpy_w.o(.text)
    __cpp_initialize__aeabi_                 0x080004b1   Thumb Code    36  init_aeabi.o(.text)
    __read_errno                             0x080004dd   Thumb Code    10  _rserrno.o(.text)
    __set_errno                              0x080004e7   Thumb Code    12  _rserrno.o(.text)
    __aeabi_errno_addr                       0x080004f5   Thumb Code     8  rt_errno_addr_intlibspace.o(.text)
    __errno$intlibspace                      0x080004f5   Thumb Code     0  rt_errno_addr_intlibspace.o(.text)
    __rt_errno_addr$intlibspace              0x080004f5   Thumb Code     0  rt_errno_addr_intlibspace.o(.text)
    exit                                     0x080004fd   Thumb Code    18  exit.o(.text)
    __I$use$semihosting                      0x0800050f   Thumb Code     0  use_no_semi.o(.text)
    __use_no_semihosting_swi                 0x0800050f   Thumb Code     2  use_no_semi.o(.text)
    __semihosting_library_function           0x08000511   Thumb Code     0  indicate_semi.o(.text)
    _sys_exit                                0x08000511   Thumb Code     8  sys_exit.o(.text)
    BusFault_Handler                         0x08000521   Thumb Code     4  stm32h7xx_it.o(.text.BusFault_Handler)
    DMA1_Stream0_IRQHandler                  0x08000529   Thumb Code     2  stm32h7xx_it.o(.text.DMA1_Stream0_IRQHandler)
    DMA1_Stream1_IRQHandler                  0x08000531   Thumb Code     2  stm32h7xx_it.o(.text.DMA1_Stream1_IRQHandler)
    DMA1_Stream2_IRQHandler                  0x08000539   Thumb Code     2  stm32h7xx_it.o(.text.DMA1_Stream2_IRQHandler)
    DebugMon_Handler                         0x08000541   Thumb Code     2  stm32h7xx_it.o(.text.DebugMon_Handler)
    Error_Handler                            0x08000549   Thumb Code    14  main.o(.text.Error_Handler)
    FDCAN1_IT0_IRQHandler                    0x08000559   Thumb Code    16  stm32h7xx_it.o(.text.FDCAN1_IT0_IRQHandler)
    FDCAN2_IT0_IRQHandler                    0x08000569   Thumb Code    16  stm32h7xx_it.o(.text.FDCAN2_IT0_IRQHandler)
    FDCAN3_IT0_IRQHandler                    0x08000579   Thumb Code    16  stm32h7xx_it.o(.text.FDCAN3_IT0_IRQHandler)
    HAL_FDCAN_ActivateNotification           0x08000909   Thumb Code   254  stm32h7xx_hal_fdcan.o(.text.HAL_FDCAN_ActivateNotification)
    HAL_FDCAN_AddMessageToTxFifoQ            0x08000a09   Thumb Code   202  stm32h7xx_hal_fdcan.o(.text.HAL_FDCAN_AddMessageToTxFifoQ)
    HAL_FDCAN_ClockCalibrationCallback       0x08000ad9   Thumb Code    10  stm32h7xx_hal_fdcan.o(.text.HAL_FDCAN_ClockCalibrationCallback)
    HAL_FDCAN_ConfigFilter                   0x08000ae9   Thumb Code   278  stm32h7xx_hal_fdcan.o(.text.HAL_FDCAN_ConfigFilter)
    HAL_FDCAN_ConfigGlobalFilter             0x08000c01   Thumb Code    92  stm32h7xx_hal_fdcan.o(.text.HAL_FDCAN_ConfigGlobalFilter)
    HAL_FDCAN_ConfigRxFifoOverwrite          0x08000c61   Thumb Code   122  stm32h7xx_hal_fdcan.o(.text.HAL_FDCAN_ConfigRxFifoOverwrite)
    HAL_FDCAN_ErrorCallback                  0x08000ce1   Thumb Code     8  stm32h7xx_hal_fdcan.o(.text.HAL_FDCAN_ErrorCallback)
    HAL_FDCAN_ErrorStatusCallback            0x08000ce9   Thumb Code    22  lkmotor.o(.text.HAL_FDCAN_ErrorStatusCallback)
    HAL_FDCAN_GetRxMessage                   0x08000d01   Thumb Code   760  stm32h7xx_hal_fdcan.o(.text.HAL_FDCAN_GetRxMessage)
    HAL_FDCAN_GetTxFifoFreeLevel             0x08000ff9   Thumb Code    24  stm32h7xx_hal_fdcan.o(.text.HAL_FDCAN_GetTxFifoFreeLevel)
    HAL_FDCAN_HighPriorityMessageCallback    0x08001011   Thumb Code     8  stm32h7xx_hal_fdcan.o(.text.HAL_FDCAN_HighPriorityMessageCallback)
    HAL_FDCAN_IRQHandler                     0x08001019   Thumb Code  1506  stm32h7xx_hal_fdcan.o(.text.HAL_FDCAN_IRQHandler)
    HAL_FDCAN_Init                           0x08001601   Thumb Code   992  stm32h7xx_hal_fdcan.o(.text.HAL_FDCAN_Init)
    HAL_FDCAN_MspInit                        0x080019e1   Thumb Code   506  fdcan.o(.text.HAL_FDCAN_MspInit)
    HAL_FDCAN_RxBufferNewMessageCallback     0x08001be1   Thumb Code     8  stm32h7xx_hal_fdcan.o(.text.HAL_FDCAN_RxBufferNewMessageCallback)
    HAL_FDCAN_RxFifo0Callback                0x08001be9   Thumb Code   186  lkmotor.o(.text.HAL_FDCAN_RxFifo0Callback)
    HAL_FDCAN_RxFifo1Callback                0x08001ca9   Thumb Code    10  stm32h7xx_hal_fdcan.o(.text.HAL_FDCAN_RxFifo1Callback)
    HAL_FDCAN_Start                          0x08001cb9   Thumb Code    80  stm32h7xx_hal_fdcan.o(.text.HAL_FDCAN_Start)
    HAL_FDCAN_TT_GlobalTimeCallback          0x08001d09   Thumb Code    10  stm32h7xx_hal_fdcan.o(.text.HAL_FDCAN_TT_GlobalTimeCallback)
    HAL_FDCAN_TT_ScheduleSyncCallback        0x08001d19   Thumb Code    10  stm32h7xx_hal_fdcan.o(.text.HAL_FDCAN_TT_ScheduleSyncCallback)
    HAL_FDCAN_TT_StopWatchCallback           0x08001d29   Thumb Code    12  stm32h7xx_hal_fdcan.o(.text.HAL_FDCAN_TT_StopWatchCallback)
    HAL_FDCAN_TT_TimeMarkCallback            0x08001d39   Thumb Code    10  stm32h7xx_hal_fdcan.o(.text.HAL_FDCAN_TT_TimeMarkCallback)
    HAL_FDCAN_TimeoutOccurredCallback        0x08001d49   Thumb Code     8  stm32h7xx_hal_fdcan.o(.text.HAL_FDCAN_TimeoutOccurredCallback)
    HAL_FDCAN_TimestampWraparoundCallback    0x08001d51   Thumb Code     8  stm32h7xx_hal_fdcan.o(.text.HAL_FDCAN_TimestampWraparoundCallback)
    HAL_FDCAN_TxBufferAbortCallback          0x08001d59   Thumb Code    10  stm32h7xx_hal_fdcan.o(.text.HAL_FDCAN_TxBufferAbortCallback)
    HAL_FDCAN_TxBufferCompleteCallback       0x08001d69   Thumb Code    10  stm32h7xx_hal_fdcan.o(.text.HAL_FDCAN_TxBufferCompleteCallback)
    HAL_FDCAN_TxEventFifoCallback            0x08001d79   Thumb Code    10  stm32h7xx_hal_fdcan.o(.text.HAL_FDCAN_TxEventFifoCallback)
    HAL_FDCAN_TxFifoEmptyCallback            0x08001d89   Thumb Code     8  stm32h7xx_hal_fdcan.o(.text.HAL_FDCAN_TxFifoEmptyCallback)
    HAL_GPIO_Init                            0x08001d91   Thumb Code   936  stm32h7xx_hal_gpio.o(.text.HAL_GPIO_Init)
    HAL_GetTick                              0x08002139   Thumb Code    12  stm32h7xx_hal.o(.text.HAL_GetTick)
    HAL_IncTick                              0x08002149   Thumb Code    26  stm32h7xx_hal.o(.text.HAL_IncTick)
    HAL_Init                                 0x08002169   Thumb Code   122  stm32h7xx_hal.o(.text.HAL_Init)
    HAL_InitTick                             0x080021e9   Thumb Code   134  stm32h7xx_hal.o(.text.HAL_InitTick)
    HAL_MspInit                              0x08002271   Thumb Code    36  stm32h7xx_hal_msp.o(.text.HAL_MspInit)
    HAL_NVIC_EnableIRQ                       0x08002299   Thumb Code    20  stm32h7xx_hal_cortex.o(.text.HAL_NVIC_EnableIRQ)
    HAL_NVIC_SetPriority                     0x080022b1   Thumb Code    46  stm32h7xx_hal_cortex.o(.text.HAL_NVIC_SetPriority)
    HAL_NVIC_SetPriorityGrouping             0x080022e1   Thumb Code    16  stm32h7xx_hal_cortex.o(.text.HAL_NVIC_SetPriorityGrouping)
    HAL_RCC_GetSysClockFreq                  0x080022f1   Thumb Code   748  stm32h7xx_hal_rcc.o(.text.HAL_RCC_GetSysClockFreq)
    HAL_SYSTICK_Config                       0x080025f1   Thumb Code    16  stm32h7xx_hal_cortex.o(.text.HAL_SYSTICK_Config)
    HardFault_Handler                        0x08002601   Thumb Code     4  stm32h7xx_it.o(.text.HardFault_Handler)
    LL_EXTI_Init                             0x08002b29   Thumb Code   612  stm32h7xx_ll_exti.o(.text.LL_EXTI_Init)
    LL_GPIO_Init                             0x08002dc1   Thumb Code   220  stm32h7xx_ll_gpio.o(.text.LL_GPIO_Init)
    LL_RCC_CalcPLLClockFreq                  0x08003041   Thumb Code   104  stm32h7xx_ll_rcc.o(.text.LL_RCC_CalcPLLClockFreq)
    LL_RCC_GetPLL1ClockFreq                  0x08003111   Thumb Code   332  stm32h7xx_ll_rcc.o(.text.LL_RCC_GetPLL1ClockFreq)
    LL_RCC_GetPLL2ClockFreq                  0x08003261   Thumb Code   332  stm32h7xx_ll_rcc.o(.text.LL_RCC_GetPLL2ClockFreq)
    LL_RCC_GetPLL3ClockFreq                  0x080033b1   Thumb Code   340  stm32h7xx_ll_rcc.o(.text.LL_RCC_GetPLL3ClockFreq)
    LL_RCC_GetUSARTClockFreq                 0x08003539   Thumb Code   412  stm32h7xx_ll_rcc.o(.text.LL_RCC_GetUSARTClockFreq)
    LL_SetSystemCoreClock                    0x08003d31   Thumb Code    20  stm32h7xx_ll_utils.o(.text.LL_SetSystemCoreClock)
    LL_TIM_Init                              0x08003d91   Thumb Code   430  stm32h7xx_ll_tim.o(.text.LL_TIM_Init)
    LL_TIM_OC_Init                           0x08004101   Thumb Code   168  stm32h7xx_ll_tim.o(.text.LL_TIM_OC_Init)
    LL_USART_Init                            0x080042b1   Thumb Code   486  stm32h7xx_ll_usart.o(.text.LL_USART_Init)
    MX_DMA_Init                              0x08004639   Thumb Code   100  dma.o(.text.MX_DMA_Init)
    MX_FDCAN1_Init                           0x080046a1   Thumb Code   118  fdcan.o(.text.MX_FDCAN1_Init)
    MX_FDCAN2_Init                           0x08004719   Thumb Code   122  fdcan.o(.text.MX_FDCAN2_Init)
    MX_FDCAN3_Init                           0x08004799   Thumb Code   122  fdcan.o(.text.MX_FDCAN3_Init)
    MX_GPIO_Init                             0x08004819   Thumb Code   440  gpio.o(.text.MX_GPIO_Init)
    MX_TIM2_Init                             0x080049d1   Thumb Code   330  tim.o(.text.MX_TIM2_Init)
    MX_USART1_UART_Init                      0x08004b21   Thumb Code   450  usart.o(.text.MX_USART1_UART_Init)
    MX_USART2_UART_Init                      0x08004ce9   Thumb Code   330  usart.o(.text.MX_USART2_UART_Init)
    MemManage_Handler                        0x08004e39   Thumb Code     4  stm32h7xx_it.o(.text.MemManage_Handler)
    NMI_Handler                              0x08004e41   Thumb Code     4  stm32h7xx_it.o(.text.NMI_Handler)
    PendSV_Handler                           0x08005571   Thumb Code     2  stm32h7xx_it.o(.text.PendSV_Handler)
    SVC_Handler                              0x08005681   Thumb Code     2  stm32h7xx_it.o(.text.SVC_Handler)
    SysTick_Handler                          0x080056e1   Thumb Code    12  stm32h7xx_it.o(.text.SysTick_Handler)
    SystemClock_Config                       0x080056f1   Thumb Code   256  main.o(.text.SystemClock_Config)
    SystemInit                               0x080057f1   Thumb Code   314  system_stm32h7xx.o(.text.SystemInit)
    USART1_IRQHandler                        0x08005931   Thumb Code     8  stm32h7xx_it.o(.text.USART1_IRQHandler)
    USART2_IRQHandler                        0x08005939   Thumb Code     8  stm32h7xx_it.o(.text.USART2_IRQHandler)
    UsageFault_Handler                       0x08005941   Thumb Code     4  stm32h7xx_it.o(.text.UsageFault_Handler)
    motorCallBack(LKMotorCanNum, unsigned short, unsigned char*) 0x08005979   Thumb Code   100  lkmotor.o(.text._Z13motorCallBack13LKMotorCanNumtPh)
    dbusHandleData(unsigned char const volatile*) 0x080059e1   Thumb Code   536  dbus.o(.text._Z14dbusHandleDataPVKh)
    sbusHandleData(unsigned char const volatile*) 0x08005c01   Thumb Code   732  dbus.o(.text._Z14sbusHandleDataPVKh)
    Laser::Laser(GPIO_TypeDef*, unsigned int, TIM_TypeDef*, unsigned int) 0x080063e1   Thumb Code    36  laser.o(.text._ZN5LaserC2EP12GPIO_TypeDefjP11TIM_TypeDefj)
    Laser::Laser__sub_object(GPIO_TypeDef*, unsigned int, TIM_TypeDef*, unsigned int) 0x080063e1   Thumb Code    36  laser.o(.text._ZN5LaserC2EP12GPIO_TypeDefjP11TIM_TypeDefj)
    CanMsg::CanMsg__sub_object(LKMotorCanNum, unsigned short) 0x08006409   Thumb Code    36  lkmotor.o(.text._ZN6CanMsgC2E13LKMotorCanNumt)
    Gimbal::ctrlMain()                       0x08006431   Thumb Code    48  gimbal.o(.text._ZN6Gimbal8ctrlMainEv)
    Gimbal::Gimbal()                         0x08006469   Thumb Code    10  gimbal.o(.text._ZN6GimbalC2Ev)
    Gimbal::Gimbal__sub_object()             0x08006469   Thumb Code    10  gimbal.o(.text._ZN6GimbalC2Ev)
    Chassis::changeWidth()                   0x08006479   Thumb Code    28  chassis.o(.text._ZN7Chassis11changeWidthEv)
    Chassis::chassisExhaustion()             0x08006499   Thumb Code   224  chassis.o(.text._ZN7Chassis17chassisExhaustionEv)
    Chassis::ctrl()                          0x08006579   Thumb Code   416  chassis.o(.text._ZN7Chassis4ctrlEv)
    Chassis::move()                          0x08006739   Thumb Code   928  chassis.o(.text._ZN7Chassis4moveEv)
    Chassis::chassisOn()                     0x08006af1   Thumb Code   282  chassis.o(.text._ZN7Chassis9chassisOnEv)
    Chassis::Chassis()                       0x08006c11   Thumb Code   268  chassis.o(.text._ZN7ChassisC2Ev)
    Chassis::Chassis__sub_object()           0x08006c11   Thumb Code   268  chassis.o(.text._ZN7ChassisC2Ev)
    LKMotor::ctrlPositon(double, unsigned short) 0x08006d21   Thumb Code   120  lkmotor.o(.text._ZN7LKMotor11ctrlPositonEdt)
    LKMotor::fbDataHandle(unsigned char*)    0x08006da1   Thumb Code   396  lkmotor.o(.text._ZN7LKMotor12fbDataHandleEPh)
    LKMotor::ctrlIncrement(double, unsigned int) 0x08006f31   Thumb Code   112  lkmotor.o(.text._ZN7LKMotor13ctrlIncrementEdj)
    LKMotor::runMotor()                      0x08006fa9   Thumb Code    36  lkmotor.o(.text._ZN7LKMotor8runMotorEv)
    LKMotor::ctrlSpeed(float)                0x08006fd1   Thumb Code   204  lkmotor.o(.text._ZN7LKMotor9ctrlSpeedEf)
    LKMotor::stopMotor()                     0x080070a1   Thumb Code    36  lkmotor.o(.text._ZN7LKMotor9stopMotorEv)
    LKMotor::updatePid()                     0x080070c9   Thumb Code   280  lkmotor.o(.text._ZN7LKMotor9updatePidEv)
    LKMotor::LKMotor(LKMotorCanNum, int)     0x080071e1   Thumb Code    88  lkmotor.o(.text._ZN7LKMotorC2E13LKMotorCanNumi)
    LKMotor::LKMotor__sub_object(LKMotorCanNum, int) 0x080071e1   Thumb Code    88  lkmotor.o(.text._ZN7LKMotorC2E13LKMotorCanNumi)
    LKMotor::'unnamed2'::__sub_object()      0x08007239   Thumb Code    14  lkmotor.o(.text._ZN7LKMotorUt2_C2Ev)
    std::__2::__math::atan2[abi:nn200000](float, float) 0x08007249   Thumb Code    28  chassis.o(.text._ZNSt3__26__math5atan2B8nn200000Eff)
    allInit                                  0x08007599   Thumb Code    66  board.o(.text.allInit)
    canInit                                  0x080075e1   Thumb Code   310  lkmotor.o(.text.canInit)
    dbusCallBack                             0x08007719   Thumb Code   276  dbus.o(.text.dbusCallBack)
    dbusInit                                 0x08007831   Thumb Code    92  dbus.o(.text.dbusInit)
    main                                     0x08007891   Thumb Code    56  main.o(.text.main)
    schedule                                 0x080078c9   Thumb Code   382  board.o(.text.schedule)
    sendMotorMsg                             0x08007a49   Thumb Code   116  lkmotor.o(.text.sendMotorMsg)
    visionCallBack                           0x08007ac1   Thumb Code   136  vision.o(.text.visionCallBack)
    visionInit                               0x08007b49   Thumb Code   134  vision.o(.text.visionInit)
    __ARM_fpclassifyf                        0x08007bcf   Thumb Code    38  fpclassifyf.o(i.__ARM_fpclassifyf)
    __hardfp_atan2f                          0x08007bf5   Thumb Code   594  atan2f.o(i.__hardfp_atan2f)
    __hardfp_sinf                            0x08007ea1   Thumb Code   344  sinf.o(i.__hardfp_sinf)
    __mathlib_flt_infnan                     0x08008031   Thumb Code     6  funder.o(i.__mathlib_flt_infnan)
    __mathlib_flt_infnan2                    0x08008037   Thumb Code     6  funder.o(i.__mathlib_flt_infnan2)
    __mathlib_flt_invalid                    0x0800803d   Thumb Code    10  funder.o(i.__mathlib_flt_invalid)
    __mathlib_flt_underflow                  0x0800804d   Thumb Code    10  funder.o(i.__mathlib_flt_underflow)
    __mathlib_rredf2                         0x0800805d   Thumb Code   316  rredf.o(i.__mathlib_rredf2)
    _fp_init                                 0x080081b1   Thumb Code    26  fpinit.o(x$fpl$fpinit)
    __fplib_config_fpu_vfp                   0x080081c9   Thumb Code     0  fpinit.o(x$fpl$fpinit)
    __fplib_config_pureend_doubles           0x080081c9   Thumb Code     0  fpinit.o(x$fpl$fpinit)
    __I$use$fp                               0x080081ca   Number         0  usenofp.o(x$fpl$usenofp)
    D1CorePrescTable                         0x08008238   Data          16  system_stm32h7xx.o(.rodata.D1CorePrescTable)
    LL_RCC_PrescTable                        0x08008260   Data          16  stm32h7xx_ll_rcc.o(.rodata.LL_RCC_PrescTable)
    Region$$Table$$Base                      0x080082c4   Number         0  anon$$obj.o(Region$$Table)
    Region$$Table$$Limit                     0x080082e4   Number         0  anon$$obj.o(Region$$Table)
    SHT$$INIT_ARRAY$$Base                    0x080082e4   Number         0  chassis.o(.init_array)
    SHT$$INIT_ARRAY$$Limit                   0x080082f0   Number         0  init_aeabi.o(.init_array)
    SystemCoreClock                          0x24000000   Data           4  system_stm32h7xx.o(.data.SystemCoreClock)
    SystemD2Clock                            0x24000004   Data           4  system_stm32h7xx.o(.data.SystemD2Clock)
    isExhaustion                             0x24000008   Data           1  board.o(.data.isExhaustion)
    uwTickFreq                               0x24000009   Data           1  stm32h7xx_hal.o(.data.uwTickFreq)
    uwTickPrio                               0x2400000c   Data           4  stm32h7xx_hal.o(.data.uwTickPrio)
    __libspace_start                         0x24000010   Data          96  libspace.o(.bss)
    __temporary_stack_top$libspace           0x24000070   Data           0  libspace.o(.bss)
    boardToNuc                               0x24000074   Data           4  vision.o(.bss.boardToNuc)
    chassis                                  0x24000078   Data          88  board.o(.bss.chassis)
    dbusCH                                   0x240000d0   Data          32  dbus.o(.bss.dbusCH)
    dbusResTime                              0x240000f0   Data           4  dbus.o(.bss.dbusResTime)
    dbusResTimeErr                           0x240000f4   Data           4  dbus.o(.bss.dbusResTimeErr)
    dbusResTimeLast                          0x240000f8   Data           4  dbus.o(.bss.dbusResTimeLast)
    dmalen                                   0x240000fc   Data           2  dbus.o(.bss.dmalen)
    gimbal                                   0x240000fe   Data           1  board.o(.bss.gimbal)
    hfdcan1                                  0x24000100   Data         160  fdcan.o(.bss.hfdcan1)
    hfdcan2                                  0x240001a0   Data         160  fdcan.o(.bss.hfdcan2)
    hfdcan3                                  0x24000240   Data         160  fdcan.o(.bss.hfdcan3)
    laser                                    0x240002e0   Data          64  gimbal.o(.bss.laser)
    lkMotorMap                               0x24000320   Data          96  lkmotor.o(.bss.lkMotorMap)
    nucToBoard                               0x24000380   Data          40  vision.o(.bss.nucToBoard)
    pitch                                    0x240003a8   Data          68  gimbal.o(.bss.pitch)
    rc                                       0x240003ec   Data          28  dbus.o(.bss.rc)
    rudder                                   0x24000408   Data         136  chassis.o(.bss.rudder)
    rxHeader                                 0x24000490   Data          40  lkmotor.o(.bss.rxHeader)
    sbusRxBuf                                0x240004b8   Data          50  dbus.o(.bss.sbusRxBuf)
    sbusRxBuffer                             0x240004ea   Data          25  dbus.o(.bss.sbusRxBuffer)
    screw                                    0x24000504   Data          68  chassis.o(.bss.screw)
    sysTickTime                              0x24000548   Data           8  board.o(.bss.sysTickTime)
    txHeader                                 0x24000550   Data          36  lkmotor.o(.bss.txHeader)
    uwTick                                   0x24000574   Data           4  stm32h7xx_hal.o(.bss.uwTick)
    visionResBuffer                          0x24000578   Data          80  vision.o(.bss.visionResBuffer)
    wheel                                    0x240005c8   Data         272  chassis.o(.bss.wheel)
    yaw                                      0x240006d8   Data          68  gimbal.o(.bss.yaw)
    __initial_sp                             0x24000b20   Data           0  startup_stm32h723xx.o(STACK)



==============================================================================

Memory Map of the image

  Image Entry point : 0x080002cd

  Load Region LR_IROM1 (Base: 0x08000000, Size: 0x00008300, Max: 0x00100000, ABSOLUTE)

    Execution Region ER_IROM1 (Exec base: 0x08000000, Load base: 0x08000000, Size: 0x000082f0, Max: 0x00100000, ABSOLUTE)

    Exec Addr    Load Addr    Size         Type   Attr      Idx    E Section Name        Object

    0x08000000   0x08000000   0x000002cc   Data   RO            3    RESET               startup_stm32h723xx.o
    0x080002cc   0x080002cc   0x00000008   Code   RO         2221  * !!!main             c_w.l(__main.o)
    0x080002d4   0x080002d4   0x0000005c   Code   RO         2448    !!!scatter          c_w.l(__scatter.o)
    0x08000330   0x08000330   0x0000001a   Code   RO         2452    !!handler_copy      c_w.l(__scatter_copy.o)
    0x0800034a   0x0800034a   0x00000002   PAD
    0x0800034c   0x0800034c   0x00000002   Code   RO         2449    !!handler_null      c_w.l(__scatter.o)
    0x0800034e   0x0800034e   0x00000002   PAD
    0x08000350   0x08000350   0x0000001c   Code   RO         2454    !!handler_zi        c_w.l(__scatter_zi.o)
    0x0800036c   0x0800036c   0x00000002   Code   RO         2360    .ARM.Collect$$libinit$$00000000  c_w.l(libinit.o)
    0x0800036e   0x0800036e   0x00000004   Code   RO         2244    .ARM.Collect$$libinit$$00000001  c_w.l(libinit2.o)
    0x08000372   0x08000372   0x00000000   Code   RO         2247    .ARM.Collect$$libinit$$00000004  c_w.l(libinit2.o)
    0x08000372   0x08000372   0x00000000   Code   RO         2249    .ARM.Collect$$libinit$$00000006  c_w.l(libinit2.o)
    0x08000372   0x08000372   0x00000000   Code   RO         2252    .ARM.Collect$$libinit$$0000000C  c_w.l(libinit2.o)
    0x08000372   0x08000372   0x00000000   Code   RO         2254    .ARM.Collect$$libinit$$0000000E  c_w.l(libinit2.o)
    0x08000372   0x08000372   0x00000000   Code   RO         2256    .ARM.Collect$$libinit$$00000010  c_w.l(libinit2.o)
    0x08000372   0x08000372   0x00000000   Code   RO         2259    .ARM.Collect$$libinit$$00000013  c_w.l(libinit2.o)
    0x08000372   0x08000372   0x00000000   Code   RO         2261    .ARM.Collect$$libinit$$00000015  c_w.l(libinit2.o)
    0x08000372   0x08000372   0x00000000   Code   RO         2263    .ARM.Collect$$libinit$$00000017  c_w.l(libinit2.o)
    0x08000372   0x08000372   0x00000000   Code   RO         2265    .ARM.Collect$$libinit$$00000019  c_w.l(libinit2.o)
    0x08000372   0x08000372   0x00000000   Code   RO         2267    .ARM.Collect$$libinit$$0000001B  c_w.l(libinit2.o)
    0x08000372   0x08000372   0x00000000   Code   RO         2269    .ARM.Collect$$libinit$$0000001D  c_w.l(libinit2.o)
    0x08000372   0x08000372   0x00000000   Code   RO         2271    .ARM.Collect$$libinit$$0000001F  c_w.l(libinit2.o)
    0x08000372   0x08000372   0x00000000   Code   RO         2273    .ARM.Collect$$libinit$$00000021  c_w.l(libinit2.o)
    0x08000372   0x08000372   0x00000000   Code   RO         2275    .ARM.Collect$$libinit$$00000023  c_w.l(libinit2.o)
    0x08000372   0x08000372   0x00000000   Code   RO         2277    .ARM.Collect$$libinit$$00000025  c_w.l(libinit2.o)
    0x08000372   0x08000372   0x00000000   Code   RO         2279    .ARM.Collect$$libinit$$00000027  c_w.l(libinit2.o)
    0x08000372   0x08000372   0x00000000   Code   RO         2283    .ARM.Collect$$libinit$$0000002E  c_w.l(libinit2.o)
    0x08000372   0x08000372   0x00000000   Code   RO         2285    .ARM.Collect$$libinit$$00000030  c_w.l(libinit2.o)
    0x08000372   0x08000372   0x00000000   Code   RO         2287    .ARM.Collect$$libinit$$00000032  c_w.l(libinit2.o)
    0x08000372   0x08000372   0x00000004   Code   RO         2288    .ARM.Collect$$libinit$$00000033  c_w.l(libinit2.o)
    0x08000376   0x08000376   0x00000000   Code   RO         2289    .ARM.Collect$$libinit$$00000034  c_w.l(libinit2.o)
    0x08000376   0x08000376   0x00000002   Code   RO         2290    .ARM.Collect$$libinit$$00000035  c_w.l(libinit2.o)
    0x08000378   0x08000378   0x00000002   Code   RO         2407    .ARM.Collect$$libshutdown$$00000000  c_w.l(libshutdown.o)
    0x0800037a   0x0800037a   0x00000000   Code   RO         2415    .ARM.Collect$$libshutdown$$00000002  c_w.l(libshutdown2.o)
    0x0800037a   0x0800037a   0x00000000   Code   RO         2417    .ARM.Collect$$libshutdown$$00000004  c_w.l(libshutdown2.o)
    0x0800037a   0x0800037a   0x00000000   Code   RO         2420    .ARM.Collect$$libshutdown$$00000007  c_w.l(libshutdown2.o)
    0x0800037a   0x0800037a   0x00000000   Code   RO         2423    .ARM.Collect$$libshutdown$$0000000A  c_w.l(libshutdown2.o)
    0x0800037a   0x0800037a   0x00000000   Code   RO         2425    .ARM.Collect$$libshutdown$$0000000C  c_w.l(libshutdown2.o)
    0x0800037a   0x0800037a   0x00000000   Code   RO         2428    .ARM.Collect$$libshutdown$$0000000F  c_w.l(libshutdown2.o)
    0x0800037a   0x0800037a   0x00000002   Code   RO         2429    .ARM.Collect$$libshutdown$$00000010  c_w.l(libshutdown2.o)
    0x0800037c   0x0800037c   0x00000000   Code   RO         2241    .ARM.Collect$$rtentry$$00000000  c_w.l(__rtentry.o)
    0x0800037c   0x0800037c   0x00000000   Code   RO         2316    .ARM.Collect$$rtentry$$00000002  c_w.l(__rtentry2.o)
    0x0800037c   0x0800037c   0x00000004   Code   RO         2330    .ARM.Collect$$rtentry$$00000005  c_w.l(__rtentry5.o)
    0x08000380   0x08000380   0x00000000   Code   RO         2318    .ARM.Collect$$rtentry$$00000009  c_w.l(__rtentry2.o)
    0x08000380   0x08000380   0x00000004   Code   RO         2319    .ARM.Collect$$rtentry$$0000000A  c_w.l(__rtentry2.o)
    0x08000384   0x08000384   0x00000000   Code   RO         2321    .ARM.Collect$$rtentry$$0000000C  c_w.l(__rtentry2.o)
    0x08000384   0x08000384   0x00000008   Code   RO         2322    .ARM.Collect$$rtentry$$0000000D  c_w.l(__rtentry2.o)
    0x0800038c   0x0800038c   0x00000004   Code   RO         2331    .ARM.Collect$$rtentry$$00002716  c_w.l(__rtentry5.o)
    0x08000390   0x08000390   0x00000002   Code   RO         2369    .ARM.Collect$$rtexit$$00000000  c_w.l(rtexit.o)
    0x08000392   0x08000392   0x00000000   Code   RO         2385    .ARM.Collect$$rtexit$$00000002  c_w.l(rtexit2.o)
    0x08000392   0x08000392   0x00000004   Code   RO         2386    .ARM.Collect$$rtexit$$00000003  c_w.l(rtexit2.o)
    0x08000396   0x08000396   0x00000006   Code   RO         2387    .ARM.Collect$$rtexit$$00000004  c_w.l(rtexit2.o)
    0x0800039c   0x0800039c   0x00000024   Code   RO            4    .text               startup_stm32h723xx.o
    0x080003c0   0x080003c0   0x0000008a   Code   RO         2217    .text               c_w.l(rt_memcpy_v6.o)
    0x0800044a   0x0800044a   0x00000064   Code   RO         2219    .text               c_w.l(rt_memcpy_w.o)
    0x080004ae   0x080004ae   0x00000002   PAD
    0x080004b0   0x080004b0   0x0000002c   Code   RO         2226    .text               c_w.l(init_aeabi.o)
    0x080004dc   0x080004dc   0x00000016   Code   RO         2242    .text               c_w.l(_rserrno.o)
    0x080004f2   0x080004f2   0x00000002   PAD
    0x080004f4   0x080004f4   0x00000008   Code   RO         2338    .text               c_w.l(rt_errno_addr_intlibspace.o)
    0x080004fc   0x080004fc   0x00000012   Code   RO         2349    .text               c_w.l(exit.o)
    0x0800050e   0x0800050e   0x00000002   Code   RO         2381    .text               c_w.l(use_no_semi.o)
    0x08000510   0x08000510   0x00000000   Code   RO         2383    .text               c_w.l(indicate_semi.o)
    0x08000510   0x08000510   0x0000000c   Code   RO         2397    .text               c_w.l(sys_exit.o)
    0x0800051c   0x0800051c   0x00000004   PAD
    0x08000520   0x08000520   0x00000004   Code   RO          237    .text.BusFault_Handler  stm32h7xx_it.o
    0x08000524   0x08000524   0x00000004   PAD
    0x08000528   0x08000528   0x00000002   Code   RO          249    .text.DMA1_Stream0_IRQHandler  stm32h7xx_it.o
    0x0800052a   0x0800052a   0x00000006   PAD
    0x08000530   0x08000530   0x00000002   Code   RO          251    .text.DMA1_Stream1_IRQHandler  stm32h7xx_it.o
    0x08000532   0x08000532   0x00000006   PAD
    0x08000538   0x08000538   0x00000002   Code   RO          253    .text.DMA1_Stream2_IRQHandler  stm32h7xx_it.o
    0x0800053a   0x0800053a   0x00000006   PAD
    0x08000540   0x08000540   0x00000002   Code   RO          243    .text.DebugMon_Handler  stm32h7xx_it.o
    0x08000542   0x08000542   0x00000006   PAD
    0x08000548   0x08000548   0x0000000e   Code   RO           73    .text.Error_Handler  main.o
    0x08000556   0x08000556   0x00000002   PAD
    0x08000558   0x08000558   0x00000010   Code   RO          255    .text.FDCAN1_IT0_IRQHandler  stm32h7xx_it.o
    0x08000568   0x08000568   0x00000010   Code   RO          257    .text.FDCAN2_IT0_IRQHandler  stm32h7xx_it.o
    0x08000578   0x08000578   0x00000010   Code   RO          263    .text.FDCAN3_IT0_IRQHandler  stm32h7xx_it.o
    0x08000588   0x08000588   0x000002c2   Code   RO          410    .text.FDCAN_CalcultateRamBlockAddresses  stm32h7xx_hal_fdcan.o
    0x0800084a   0x0800084a   0x00000006   PAD
    0x08000850   0x08000850   0x000000b8   Code   RO          480    .text.FDCAN_CopyMessageToRAM  stm32h7xx_hal_fdcan.o
    0x08000908   0x08000908   0x000000fe   Code   RO          558    .text.HAL_FDCAN_ActivateNotification  stm32h7xx_hal_fdcan.o
    0x08000a06   0x08000a06   0x00000002   PAD
    0x08000a08   0x08000a08   0x000000ca   Code   RO          478    .text.HAL_FDCAN_AddMessageToTxFifoQ  stm32h7xx_hal_fdcan.o
    0x08000ad2   0x08000ad2   0x00000006   PAD
    0x08000ad8   0x08000ad8   0x0000000a   Code   RO          572    .text.HAL_FDCAN_ClockCalibrationCallback  stm32h7xx_hal_fdcan.o
    0x08000ae2   0x08000ae2   0x00000006   PAD
    0x08000ae8   0x08000ae8   0x00000116   Code   RO          430    .text.HAL_FDCAN_ConfigFilter  stm32h7xx_hal_fdcan.o
    0x08000bfe   0x08000bfe   0x00000002   PAD
    0x08000c00   0x08000c00   0x0000005c   Code   RO          432    .text.HAL_FDCAN_ConfigGlobalFilter  stm32h7xx_hal_fdcan.o
    0x08000c5c   0x08000c5c   0x00000004   PAD
    0x08000c60   0x08000c60   0x0000007a   Code   RO          436    .text.HAL_FDCAN_ConfigRxFifoOverwrite  stm32h7xx_hal_fdcan.o
    0x08000cda   0x08000cda   0x00000006   PAD
    0x08000ce0   0x08000ce0   0x00000008   Code   RO          600    .text.HAL_FDCAN_ErrorCallback  stm32h7xx_hal_fdcan.o
    0x08000ce8   0x08000ce8   0x00000016   Code   RO         2059    .text.HAL_FDCAN_ErrorStatusCallback  lkmotor.o
    0x08000cfe   0x08000cfe   0x00000002   PAD
    0x08000d00   0x08000d00   0x000002f8   Code   RO          490    .text.HAL_FDCAN_GetRxMessage  stm32h7xx_hal_fdcan.o
    0x08000ff8   0x08000ff8   0x00000018   Code   RO          506    .text.HAL_FDCAN_GetTxFifoFreeLevel  stm32h7xx_hal_fdcan.o
    0x08001010   0x08001010   0x00000008   Code   RO          568    .text.HAL_FDCAN_HighPriorityMessageCallback  stm32h7xx_hal_fdcan.o
    0x08001018   0x08001018   0x000005e2   Code   RO          566    .text.HAL_FDCAN_IRQHandler  stm32h7xx_hal_fdcan.o
    0x080015fa   0x080015fa   0x00000006   PAD
    0x08001600   0x08001600   0x000003e0   Code   RO          406    .text.HAL_FDCAN_Init  stm32h7xx_hal_fdcan.o
    0x080019e0   0x080019e0   0x000001fa   Code   RO          127    .text.HAL_FDCAN_MspInit  fdcan.o
    0x08001bda   0x08001bda   0x00000006   PAD
    0x08001be0   0x08001be0   0x00000008   Code   RO          584    .text.HAL_FDCAN_RxBufferNewMessageCallback  stm32h7xx_hal_fdcan.o
    0x08001be8   0x08001be8   0x000000ba   Code   RO         2061    .text.HAL_FDCAN_RxFifo0Callback  lkmotor.o
    0x08001ca2   0x08001ca2   0x00000006   PAD
    0x08001ca8   0x08001ca8   0x0000000a   Code   RO          578    .text.HAL_FDCAN_RxFifo1Callback  stm32h7xx_hal_fdcan.o
    0x08001cb2   0x08001cb2   0x00000006   PAD
    0x08001cb8   0x08001cb8   0x00000050   Code   RO          476    .text.HAL_FDCAN_Start  stm32h7xx_hal_fdcan.o
    0x08001d08   0x08001d08   0x0000000a   Code   RO          598    .text.HAL_FDCAN_TT_GlobalTimeCallback  stm32h7xx_hal_fdcan.o
    0x08001d12   0x08001d12   0x00000006   PAD
    0x08001d18   0x08001d18   0x0000000a   Code   RO          592    .text.HAL_FDCAN_TT_ScheduleSyncCallback  stm32h7xx_hal_fdcan.o
    0x08001d22   0x08001d22   0x00000006   PAD
    0x08001d28   0x08001d28   0x0000000c   Code   RO          596    .text.HAL_FDCAN_TT_StopWatchCallback  stm32h7xx_hal_fdcan.o
    0x08001d34   0x08001d34   0x00000004   PAD
    0x08001d38   0x08001d38   0x0000000a   Code   RO          594    .text.HAL_FDCAN_TT_TimeMarkCallback  stm32h7xx_hal_fdcan.o
    0x08001d42   0x08001d42   0x00000006   PAD
    0x08001d48   0x08001d48   0x00000008   Code   RO          588    .text.HAL_FDCAN_TimeoutOccurredCallback  stm32h7xx_hal_fdcan.o
    0x08001d50   0x08001d50   0x00000008   Code   RO          586    .text.HAL_FDCAN_TimestampWraparoundCallback  stm32h7xx_hal_fdcan.o
    0x08001d58   0x08001d58   0x0000000a   Code   RO          570    .text.HAL_FDCAN_TxBufferAbortCallback  stm32h7xx_hal_fdcan.o
    0x08001d62   0x08001d62   0x00000006   PAD
    0x08001d68   0x08001d68   0x0000000a   Code   RO          582    .text.HAL_FDCAN_TxBufferCompleteCallback  stm32h7xx_hal_fdcan.o
    0x08001d72   0x08001d72   0x00000006   PAD
    0x08001d78   0x08001d78   0x0000000a   Code   RO          574    .text.HAL_FDCAN_TxEventFifoCallback  stm32h7xx_hal_fdcan.o
    0x08001d82   0x08001d82   0x00000006   PAD
    0x08001d88   0x08001d88   0x00000008   Code   RO          580    .text.HAL_FDCAN_TxFifoEmptyCallback  stm32h7xx_hal_fdcan.o
    0x08001d90   0x08001d90   0x000003a8   Code   RO         1109    .text.HAL_GPIO_Init  stm32h7xx_hal_gpio.o
    0x08002138   0x08002138   0x0000000c   Code   RO         1490    .text.HAL_GetTick   stm32h7xx_hal.o
    0x08002144   0x08002144   0x00000004   PAD
    0x08002148   0x08002148   0x0000001a   Code   RO         1488    .text.HAL_IncTick   stm32h7xx_hal.o
    0x08002162   0x08002162   0x00000006   PAD
    0x08002168   0x08002168   0x0000007a   Code   RO         1478    .text.HAL_Init      stm32h7xx_hal.o
    0x080021e2   0x080021e2   0x00000006   PAD
    0x080021e8   0x080021e8   0x00000086   Code   RO         1480    .text.HAL_InitTick  stm32h7xx_hal.o
    0x0800226e   0x0800226e   0x00000002   PAD
    0x08002270   0x08002270   0x00000024   Code   RO          272    .text.HAL_MspInit   stm32h7xx_hal_msp.o
    0x08002294   0x08002294   0x00000004   PAD
    0x08002298   0x08002298   0x00000014   Code   RO         1413    .text.HAL_NVIC_EnableIRQ  stm32h7xx_hal_cortex.o
    0x080022ac   0x080022ac   0x00000004   PAD
    0x080022b0   0x080022b0   0x0000002e   Code   RO         1405    .text.HAL_NVIC_SetPriority  stm32h7xx_hal_cortex.o
    0x080022de   0x080022de   0x00000002   PAD
    0x080022e0   0x080022e0   0x00000010   Code   RO         1401    .text.HAL_NVIC_SetPriorityGrouping  stm32h7xx_hal_cortex.o
    0x080022f0   0x080022f0   0x000002fc   Code   RO          914    .text.HAL_RCC_GetSysClockFreq  stm32h7xx_hal_rcc.o
    0x080025ec   0x080025ec   0x00000004   PAD
    0x080025f0   0x080025f0   0x00000010   Code   RO         1425    .text.HAL_SYSTICK_Config  stm32h7xx_hal_cortex.o
    0x08002600   0x08002600   0x00000004   Code   RO          233    .text.HardFault_Handler  stm32h7xx_it.o
    0x08002604   0x08002604   0x00000004   PAD
    0x08002608   0x08002608   0x00000022   Code   RO          104    .text.LL_AHB1_GRP1_EnableClock  dma.o
    0x0800262a   0x0800262a   0x00000006   PAD
    0x08002630   0x08002630   0x00000022   Code   RO           85    .text.LL_AHB4_GRP1_EnableClock  gpio.o
    0x08002652   0x08002652   0x00000006   PAD
    0x08002658   0x08002658   0x00000022   Code   RO          158    .text.LL_AHB4_GRP1_EnableClock  tim.o
    0x0800267a   0x0800267a   0x00000006   PAD
    0x08002680   0x08002680   0x00000022   Code   RO          175    .text.LL_AHB4_GRP1_EnableClock  usart.o
    0x080026a2   0x080026a2   0x00000006   PAD
    0x080026a8   0x080026a8   0x00000022   Code   RO          146    .text.LL_APB1_GRP1_EnableClock  tim.o
    0x080026ca   0x080026ca   0x00000006   PAD
    0x080026d0   0x080026d0   0x00000022   Code   RO          219    .text.LL_APB1_GRP1_EnableClock  usart.o
    0x080026f2   0x080026f2   0x00000006   PAD
    0x080026f8   0x080026f8   0x00000022   Code   RO          173    .text.LL_APB2_GRP1_EnableClock  usart.o
    0x0800271a   0x0800271a   0x00000006   PAD
    0x08002720   0x08002720   0x00000026   Code   RO          193    .text.LL_DMA_DisableFifoMode  usart.o
    0x08002746   0x08002746   0x00000002   PAD
    0x08002748   0x08002748   0x00000030   Code   RO          179    .text.LL_DMA_SetDataTransferDirection  usart.o
    0x08002778   0x08002778   0x00000030   Code   RO          187    .text.LL_DMA_SetMemoryIncMode  usart.o
    0x080027a8   0x080027a8   0x00000030   Code   RO          191    .text.LL_DMA_SetMemorySize  usart.o
    0x080027d8   0x080027d8   0x00000030   Code   RO          183    .text.LL_DMA_SetMode  usart.o
    0x08002808   0x08002808   0x00000030   Code   RO          185    .text.LL_DMA_SetPeriphIncMode  usart.o
    0x08002838   0x08002838   0x0000004c   Code   RO          177    .text.LL_DMA_SetPeriphRequest  usart.o
    0x08002884   0x08002884   0x00000004   PAD
    0x08002888   0x08002888   0x00000030   Code   RO          189    .text.LL_DMA_SetPeriphSize  usart.o
    0x080028b8   0x080028b8   0x00000030   Code   RO          181    .text.LL_DMA_SetStreamPriorityLevel  usart.o
    0x080028e8   0x080028e8   0x00000016   Code   RO          290    .text.LL_EXTI_DisableEvent_0_31  stm32h7xx_ll_exti.o
    0x080028fe   0x080028fe   0x00000002   PAD
    0x08002900   0x08002900   0x00000016   Code   RO          306    .text.LL_EXTI_DisableEvent_32_63  stm32h7xx_ll_exti.o
    0x08002916   0x08002916   0x00000002   PAD
    0x08002918   0x08002918   0x00000016   Code   RO          322    .text.LL_EXTI_DisableEvent_64_95  stm32h7xx_ll_exti.o
    0x0800292e   0x0800292e   0x00000002   PAD
    0x08002930   0x08002930   0x00000016   Code   RO          292    .text.LL_EXTI_DisableFallingTrig_0_31  stm32h7xx_ll_exti.o
    0x08002946   0x08002946   0x00000002   PAD
    0x08002948   0x08002948   0x00000016   Code   RO          308    .text.LL_EXTI_DisableFallingTrig_32_63  stm32h7xx_ll_exti.o
    0x0800295e   0x0800295e   0x00000002   PAD
    0x08002960   0x08002960   0x00000016   Code   RO          324    .text.LL_EXTI_DisableFallingTrig_64_95  stm32h7xx_ll_exti.o
    0x08002976   0x08002976   0x00000002   PAD
    0x08002978   0x08002978   0x00000016   Code   RO          286    .text.LL_EXTI_DisableIT_0_31  stm32h7xx_ll_exti.o
    0x0800298e   0x0800298e   0x00000002   PAD
    0x08002990   0x08002990   0x00000016   Code   RO          302    .text.LL_EXTI_DisableIT_32_63  stm32h7xx_ll_exti.o
    0x080029a6   0x080029a6   0x00000002   PAD
    0x080029a8   0x080029a8   0x00000016   Code   RO          318    .text.LL_EXTI_DisableIT_64_95  stm32h7xx_ll_exti.o
    0x080029be   0x080029be   0x00000002   PAD
    0x080029c0   0x080029c0   0x00000014   Code   RO          296    .text.LL_EXTI_DisableRisingTrig_0_31  stm32h7xx_ll_exti.o
    0x080029d4   0x080029d4   0x00000004   PAD
    0x080029d8   0x080029d8   0x00000016   Code   RO          312    .text.LL_EXTI_DisableRisingTrig_32_63  stm32h7xx_ll_exti.o
    0x080029ee   0x080029ee   0x00000002   PAD
    0x080029f0   0x080029f0   0x00000016   Code   RO          328    .text.LL_EXTI_DisableRisingTrig_64_95  stm32h7xx_ll_exti.o
    0x08002a06   0x08002a06   0x00000002   PAD
    0x08002a08   0x08002a08   0x00000016   Code   RO          288    .text.LL_EXTI_EnableEvent_0_31  stm32h7xx_ll_exti.o
    0x08002a1e   0x08002a1e   0x00000002   PAD
    0x08002a20   0x08002a20   0x00000016   Code   RO          304    .text.LL_EXTI_EnableEvent_32_63  stm32h7xx_ll_exti.o
    0x08002a36   0x08002a36   0x00000002   PAD
    0x08002a38   0x08002a38   0x00000016   Code   RO          320    .text.LL_EXTI_EnableEvent_64_95  stm32h7xx_ll_exti.o
    0x08002a4e   0x08002a4e   0x00000002   PAD
    0x08002a50   0x08002a50   0x00000016   Code   RO          298    .text.LL_EXTI_EnableFallingTrig_0_31  stm32h7xx_ll_exti.o
    0x08002a66   0x08002a66   0x00000002   PAD
    0x08002a68   0x08002a68   0x00000016   Code   RO          314    .text.LL_EXTI_EnableFallingTrig_32_63  stm32h7xx_ll_exti.o
    0x08002a7e   0x08002a7e   0x00000002   PAD
    0x08002a80   0x08002a80   0x00000016   Code   RO          330    .text.LL_EXTI_EnableFallingTrig_64_95  stm32h7xx_ll_exti.o
    0x08002a96   0x08002a96   0x00000002   PAD
    0x08002a98   0x08002a98   0x00000016   Code   RO          284    .text.LL_EXTI_EnableIT_0_31  stm32h7xx_ll_exti.o
    0x08002aae   0x08002aae   0x00000002   PAD
    0x08002ab0   0x08002ab0   0x00000016   Code   RO          300    .text.LL_EXTI_EnableIT_32_63  stm32h7xx_ll_exti.o
    0x08002ac6   0x08002ac6   0x00000002   PAD
    0x08002ac8   0x08002ac8   0x00000016   Code   RO          316    .text.LL_EXTI_EnableIT_64_95  stm32h7xx_ll_exti.o
    0x08002ade   0x08002ade   0x00000002   PAD
    0x08002ae0   0x08002ae0   0x00000014   Code   RO          294    .text.LL_EXTI_EnableRisingTrig_0_31  stm32h7xx_ll_exti.o
    0x08002af4   0x08002af4   0x00000004   PAD
    0x08002af8   0x08002af8   0x00000016   Code   RO          310    .text.LL_EXTI_EnableRisingTrig_32_63  stm32h7xx_ll_exti.o
    0x08002b0e   0x08002b0e   0x00000002   PAD
    0x08002b10   0x08002b10   0x00000016   Code   RO          326    .text.LL_EXTI_EnableRisingTrig_64_95  stm32h7xx_ll_exti.o
    0x08002b26   0x08002b26   0x00000002   PAD
    0x08002b28   0x08002b28   0x00000264   Code   RO          282    .text.LL_EXTI_Init  stm32h7xx_ll_exti.o
    0x08002d8c   0x08002d8c   0x00000004   PAD
    0x08002d90   0x08002d90   0x00000010   Code   RO           17    .text.LL_FLASH_GetLatency  main.o
    0x08002da0   0x08002da0   0x0000001c   Code   RO           15    .text.LL_FLASH_SetLatency  main.o
    0x08002dbc   0x08002dbc   0x00000004   PAD
    0x08002dc0   0x08002dc0   0x000000dc   Code   RO          347    .text.LL_GPIO_Init  stm32h7xx_ll_gpio.o
    0x08002e9c   0x08002e9c   0x00000004   PAD
    0x08002ea0   0x08002ea0   0x00000012   Code   RO           87    .text.LL_GPIO_ResetOutputPin  gpio.o
    0x08002eb2   0x08002eb2   0x00000006   PAD
    0x08002eb8   0x08002eb8   0x00000026   Code   RO          355    .text.LL_GPIO_SetAFPin_0_7  stm32h7xx_ll_gpio.o
    0x08002ede   0x08002ede   0x00000002   PAD
    0x08002ee0   0x08002ee0   0x00000028   Code   RO          357    .text.LL_GPIO_SetAFPin_8_15  stm32h7xx_ll_gpio.o
    0x08002f08   0x08002f08   0x00000024   Code   RO           93    .text.LL_GPIO_SetPinMode  gpio.o
    0x08002f2c   0x08002f2c   0x00000004   PAD
    0x08002f30   0x08002f30   0x00000024   Code   RO          359    .text.LL_GPIO_SetPinMode  stm32h7xx_ll_gpio.o
    0x08002f54   0x08002f54   0x00000004   PAD
    0x08002f58   0x08002f58   0x0000001e   Code   RO          351    .text.LL_GPIO_SetPinOutputType  stm32h7xx_ll_gpio.o
    0x08002f76   0x08002f76   0x00000002   PAD
    0x08002f78   0x08002f78   0x00000024   Code   RO           91    .text.LL_GPIO_SetPinPull  gpio.o
    0x08002f9c   0x08002f9c   0x00000004   PAD
    0x08002fa0   0x08002fa0   0x00000024   Code   RO          353    .text.LL_GPIO_SetPinPull  stm32h7xx_ll_gpio.o
    0x08002fc4   0x08002fc4   0x00000004   PAD
    0x08002fc8   0x08002fc8   0x00000024   Code   RO          349    .text.LL_GPIO_SetPinSpeed  stm32h7xx_ll_gpio.o
    0x08002fec   0x08002fec   0x00000004   PAD
    0x08002ff0   0x08002ff0   0x0000001c   Code   RO           19    .text.LL_PWR_ConfigSupply  main.o
    0x0800300c   0x0800300c   0x00000004   PAD
    0x08003010   0x08003010   0x0000001c   Code   RO           21    .text.LL_PWR_SetRegulVoltageScaling  main.o
    0x0800302c   0x0800302c   0x00000004   PAD
    0x08003030   0x08003030   0x00000010   Code   RO          645    .text.LL_RCC_CSI_IsReady  stm32h7xx_ll_rcc.o
    0x08003040   0x08003040   0x0000006c   Code   RO          659    .text.LL_RCC_CalcPLLClockFreq  stm32h7xx_ll_rcc.o
    0x080030ac   0x080030ac   0x00000004   PAD
    0x080030b0   0x080030b0   0x00000010   Code   RO          799    .text.LL_RCC_GetAHBPrescaler  stm32h7xx_ll_rcc.o
    0x080030c0   0x080030c0   0x00000010   Code   RO          801    .text.LL_RCC_GetAPB1Prescaler  stm32h7xx_ll_rcc.o
    0x080030d0   0x080030d0   0x00000010   Code   RO          803    .text.LL_RCC_GetAPB2Prescaler  stm32h7xx_ll_rcc.o
    0x080030e0   0x080030e0   0x0000002e   Code   RO          795    .text.LL_RCC_GetClockSource  stm32h7xx_ll_rcc.o
    0x0800310e   0x0800310e   0x00000002   PAD
    0x08003110   0x08003110   0x0000014c   Code   RO          639    .text.LL_RCC_GetPLL1ClockFreq  stm32h7xx_ll_rcc.o
    0x0800325c   0x0800325c   0x00000004   PAD
    0x08003260   0x08003260   0x0000014c   Code   RO          671    .text.LL_RCC_GetPLL2ClockFreq  stm32h7xx_ll_rcc.o
    0x080033ac   0x080033ac   0x00000004   PAD
    0x080033b0   0x080033b0   0x00000154   Code   RO          693    .text.LL_RCC_GetPLL3ClockFreq  stm32h7xx_ll_rcc.o
    0x08003504   0x08003504   0x00000004   PAD
    0x08003508   0x08003508   0x00000010   Code   RO           61    .text.LL_RCC_GetSysClkSource  main.o
    0x08003518   0x08003518   0x00000010   Code   RO          797    .text.LL_RCC_GetSysClkSource  stm32h7xx_ll_rcc.o
    0x08003528   0x08003528   0x00000010   Code   RO          719    .text.LL_RCC_GetSysPrescaler  stm32h7xx_ll_rcc.o
    0x08003538   0x08003538   0x0000019c   Code   RO          715    .text.LL_RCC_GetUSARTClockFreq  stm32h7xx_ll_rcc.o
    0x080036d4   0x080036d4   0x00000004   PAD
    0x080036d8   0x080036d8   0x00000010   Code   RO          717    .text.LL_RCC_GetUSARTClockSource  stm32h7xx_ll_rcc.o
    0x080036e8   0x080036e8   0x00000012   Code   RO           23    .text.LL_RCC_HSE_Enable  main.o
    0x080036fa   0x080036fa   0x00000006   PAD
    0x08003700   0x08003700   0x00000010   Code   RO           25    .text.LL_RCC_HSE_IsReady  main.o
    0x08003710   0x08003710   0x00000010   Code   RO          647    .text.LL_RCC_HSE_IsReady  stm32h7xx_ll_rcc.o
    0x08003720   0x08003720   0x00000012   Code   RO           27    .text.LL_RCC_HSI_Enable  main.o
    0x08003732   0x08003732   0x00000006   PAD
    0x08003738   0x08003738   0x00000010   Code   RO          643    .text.LL_RCC_HSI_GetDivider  stm32h7xx_ll_rcc.o
    0x08003748   0x08003748   0x00000010   Code   RO           29    .text.LL_RCC_HSI_IsReady  main.o
    0x08003758   0x08003758   0x00000010   Code   RO          617    .text.LL_RCC_HSI_IsReady  stm32h7xx_ll_rcc.o
    0x08003768   0x08003768   0x0000001e   Code   RO           31    .text.LL_RCC_HSI_SetCalibTrimming  main.o
    0x08003786   0x08003786   0x00000002   PAD
    0x08003788   0x08003788   0x0000001c   Code   RO           33    .text.LL_RCC_HSI_SetDivider  main.o
    0x080037a4   0x080037a4   0x00000004   PAD
    0x080037a8   0x080037a8   0x00000010   Code   RO          721    .text.LL_RCC_LSE_IsReady  stm32h7xx_ll_rcc.o
    0x080037b8   0x080037b8   0x00000010   Code   RO          653    .text.LL_RCC_PLL1FRACN_IsEnabled  stm32h7xx_ll_rcc.o
    0x080037c8   0x080037c8   0x00000012   Code   RO           37    .text.LL_RCC_PLL1P_Enable  main.o
    0x080037da   0x080037da   0x00000006   PAD
    0x080037e0   0x080037e0   0x00000010   Code   RO          657    .text.LL_RCC_PLL1P_IsEnabled  stm32h7xx_ll_rcc.o
    0x080037f0   0x080037f0   0x00000010   Code   RO          663    .text.LL_RCC_PLL1Q_IsEnabled  stm32h7xx_ll_rcc.o
    0x08003800   0x08003800   0x00000010   Code   RO          667    .text.LL_RCC_PLL1R_IsEnabled  stm32h7xx_ll_rcc.o
    0x08003810   0x08003810   0x00000012   Code   RO           53    .text.LL_RCC_PLL1_Enable  main.o
    0x08003822   0x08003822   0x00000006   PAD
    0x08003828   0x08003828   0x00000010   Code   RO          655    .text.LL_RCC_PLL1_GetFRACN  stm32h7xx_ll_rcc.o
    0x08003838   0x08003838   0x00000010   Code   RO          649    .text.LL_RCC_PLL1_GetM  stm32h7xx_ll_rcc.o
    0x08003848   0x08003848   0x00000012   Code   RO          651    .text.LL_RCC_PLL1_GetN  stm32h7xx_ll_rcc.o
    0x0800385a   0x0800385a   0x00000006   PAD
    0x08003860   0x08003860   0x00000014   Code   RO          661    .text.LL_RCC_PLL1_GetP  stm32h7xx_ll_rcc.o
    0x08003874   0x08003874   0x00000004   PAD
    0x08003878   0x08003878   0x00000016   Code   RO          665    .text.LL_RCC_PLL1_GetQ  stm32h7xx_ll_rcc.o
    0x0800388e   0x0800388e   0x00000002   PAD
    0x08003890   0x08003890   0x00000016   Code   RO          669    .text.LL_RCC_PLL1_GetR  stm32h7xx_ll_rcc.o
    0x080038a6   0x080038a6   0x00000002   PAD
    0x080038a8   0x080038a8   0x00000010   Code   RO           55    .text.LL_RCC_PLL1_IsReady  main.o
    0x080038b8   0x080038b8   0x0000001e   Code   RO           43    .text.LL_RCC_PLL1_SetM  main.o
    0x080038d6   0x080038d6   0x00000002   PAD
    0x080038d8   0x080038d8   0x00000020   Code   RO           45    .text.LL_RCC_PLL1_SetN  main.o
    0x080038f8   0x080038f8   0x00000028   Code   RO           47    .text.LL_RCC_PLL1_SetP  main.o
    0x08003920   0x08003920   0x00000026   Code   RO           49    .text.LL_RCC_PLL1_SetQ  main.o
    0x08003946   0x08003946   0x00000002   PAD
    0x08003948   0x08003948   0x00000020   Code   RO           51    .text.LL_RCC_PLL1_SetR  main.o
    0x08003968   0x08003968   0x0000001e   Code   RO           39    .text.LL_RCC_PLL1_SetVCOInputRange  main.o
    0x08003986   0x08003986   0x00000002   PAD
    0x08003988   0x08003988   0x0000001e   Code   RO           41    .text.LL_RCC_PLL1_SetVCOOutputRange  main.o
    0x080039a6   0x080039a6   0x00000002   PAD
    0x080039a8   0x080039a8   0x00000010   Code   RO          677    .text.LL_RCC_PLL2FRACN_IsEnabled  stm32h7xx_ll_rcc.o
    0x080039b8   0x080039b8   0x00000010   Code   RO          681    .text.LL_RCC_PLL2P_IsEnabled  stm32h7xx_ll_rcc.o
    0x080039c8   0x080039c8   0x00000010   Code   RO          685    .text.LL_RCC_PLL2Q_IsEnabled  stm32h7xx_ll_rcc.o
    0x080039d8   0x080039d8   0x00000010   Code   RO          689    .text.LL_RCC_PLL2R_IsEnabled  stm32h7xx_ll_rcc.o
    0x080039e8   0x080039e8   0x00000010   Code   RO          679    .text.LL_RCC_PLL2_GetFRACN  stm32h7xx_ll_rcc.o
    0x080039f8   0x080039f8   0x00000010   Code   RO          673    .text.LL_RCC_PLL2_GetM  stm32h7xx_ll_rcc.o
    0x08003a08   0x08003a08   0x00000012   Code   RO          675    .text.LL_RCC_PLL2_GetN  stm32h7xx_ll_rcc.o
    0x08003a1a   0x08003a1a   0x00000006   PAD
    0x08003a20   0x08003a20   0x00000014   Code   RO          683    .text.LL_RCC_PLL2_GetP  stm32h7xx_ll_rcc.o
    0x08003a34   0x08003a34   0x00000004   PAD
    0x08003a38   0x08003a38   0x00000016   Code   RO          687    .text.LL_RCC_PLL2_GetQ  stm32h7xx_ll_rcc.o
    0x08003a4e   0x08003a4e   0x00000002   PAD
    0x08003a50   0x08003a50   0x00000016   Code   RO          691    .text.LL_RCC_PLL2_GetR  stm32h7xx_ll_rcc.o
    0x08003a66   0x08003a66   0x00000002   PAD
    0x08003a68   0x08003a68   0x00000010   Code   RO          621    .text.LL_RCC_PLL2_IsReady  stm32h7xx_ll_rcc.o
    0x08003a78   0x08003a78   0x00000010   Code   RO          699    .text.LL_RCC_PLL3FRACN_IsEnabled  stm32h7xx_ll_rcc.o
    0x08003a88   0x08003a88   0x00000010   Code   RO          703    .text.LL_RCC_PLL3P_IsEnabled  stm32h7xx_ll_rcc.o
    0x08003a98   0x08003a98   0x00000010   Code   RO          707    .text.LL_RCC_PLL3Q_IsEnabled  stm32h7xx_ll_rcc.o
    0x08003aa8   0x08003aa8   0x00000010   Code   RO          711    .text.LL_RCC_PLL3R_IsEnabled  stm32h7xx_ll_rcc.o
    0x08003ab8   0x08003ab8   0x00000010   Code   RO          701    .text.LL_RCC_PLL3_GetFRACN  stm32h7xx_ll_rcc.o
    0x08003ac8   0x08003ac8   0x00000010   Code   RO          695    .text.LL_RCC_PLL3_GetM  stm32h7xx_ll_rcc.o
    0x08003ad8   0x08003ad8   0x00000012   Code   RO          697    .text.LL_RCC_PLL3_GetN  stm32h7xx_ll_rcc.o
    0x08003aea   0x08003aea   0x00000006   PAD
    0x08003af0   0x08003af0   0x00000014   Code   RO          705    .text.LL_RCC_PLL3_GetP  stm32h7xx_ll_rcc.o
    0x08003b04   0x08003b04   0x00000004   PAD
    0x08003b08   0x08003b08   0x00000016   Code   RO          709    .text.LL_RCC_PLL3_GetQ  stm32h7xx_ll_rcc.o
    0x08003b1e   0x08003b1e   0x00000002   PAD
    0x08003b20   0x08003b20   0x00000016   Code   RO          713    .text.LL_RCC_PLL3_GetR  stm32h7xx_ll_rcc.o
    0x08003b36   0x08003b36   0x00000002   PAD
    0x08003b38   0x08003b38   0x00000010   Code   RO          623    .text.LL_RCC_PLL3_IsReady  stm32h7xx_ll_rcc.o
    0x08003b48   0x08003b48   0x00000010   Code   RO          641    .text.LL_RCC_PLL_GetSource  stm32h7xx_ll_rcc.o
    0x08003b58   0x08003b58   0x0000001c   Code   RO           35    .text.LL_RCC_PLL_SetSource  main.o
    0x08003b74   0x08003b74   0x00000004   PAD
    0x08003b78   0x08003b78   0x0000001c   Code   RO           57    .text.LL_RCC_SetAHBPrescaler  main.o
    0x08003b94   0x08003b94   0x00000004   PAD
    0x08003b98   0x08003b98   0x0000001c   Code   RO           65    .text.LL_RCC_SetAPB1Prescaler  main.o
    0x08003bb4   0x08003bb4   0x00000004   PAD
    0x08003bb8   0x08003bb8   0x0000001c   Code   RO           67    .text.LL_RCC_SetAPB2Prescaler  main.o
    0x08003bd4   0x08003bd4   0x00000004   PAD
    0x08003bd8   0x08003bd8   0x0000001c   Code   RO           69    .text.LL_RCC_SetAPB3Prescaler  main.o
    0x08003bf4   0x08003bf4   0x00000004   PAD
    0x08003bf8   0x08003bf8   0x0000001c   Code   RO           71    .text.LL_RCC_SetAPB4Prescaler  main.o
    0x08003c14   0x08003c14   0x00000004   PAD
    0x08003c18   0x08003c18   0x00000038   Code   RO          221    .text.LL_RCC_SetClockSource  usart.o
    0x08003c50   0x08003c50   0x0000001c   Code   RO          129    .text.LL_RCC_SetFDCANClockSource  fdcan.o
    0x08003c6c   0x08003c6c   0x00000004   PAD
    0x08003c70   0x08003c70   0x0000001c   Code   RO           59    .text.LL_RCC_SetSysClkSource  main.o
    0x08003c8c   0x08003c8c   0x00000004   PAD
    0x08003c90   0x08003c90   0x0000001c   Code   RO           63    .text.LL_RCC_SetSysPrescaler  main.o
    0x08003cac   0x08003cac   0x00000004   PAD
    0x08003cb0   0x08003cb0   0x00000010   Code   RO          171    .text.LL_RCC_SetUSARTClockSource  usart.o
    0x08003cc0   0x08003cc0   0x0000006c   Code   RO           89    .text.LL_SYSCFG_SetEXTISource  gpio.o
    0x08003d2c   0x08003d2c   0x00000004   PAD
    0x08003d30   0x08003d30   0x00000014   Code   RO          823    .text.LL_SetSystemCoreClock  stm32h7xx_ll_utils.o
    0x08003d44   0x08003d44   0x00000004   PAD
    0x08003d48   0x08003d48   0x00000012   Code   RO          148    .text.LL_TIM_DisableARRPreload  tim.o
    0x08003d5a   0x08003d5a   0x00000006   PAD
    0x08003d60   0x08003d60   0x00000012   Code   RO          156    .text.LL_TIM_DisableMasterSlaveMode  tim.o
    0x08003d72   0x08003d72   0x00000006   PAD
    0x08003d78   0x08003d78   0x00000012   Code   RO         1831    .text.LL_TIM_GenerateEvent_UPDATE  stm32h7xx_ll_tim.o
    0x08003d8a   0x08003d8a   0x00000006   PAD
    0x08003d90   0x08003d90   0x000001ae   Code   RO         1823    .text.LL_TIM_Init   stm32h7xx_ll_tim.o
    0x08003f3e   0x08003f3e   0x00000002   PAD
    0x08003f40   0x08003f40   0x000000de   Code   RO          152    .text.LL_TIM_OC_DisableFast  tim.o
    0x0800401e   0x0800401e   0x00000002   PAD
    0x08004020   0x08004020   0x000000de   Code   RO          150    .text.LL_TIM_OC_EnablePreload  tim.o
    0x080040fe   0x080040fe   0x00000002   PAD
    0x08004100   0x08004100   0x000000a8   Code   RO         1835    .text.LL_TIM_OC_Init  stm32h7xx_ll_tim.o
    0x080041a8   0x080041a8   0x00000010   Code   RO         1877    .text.LL_TIM_OC_SetCompareCH1  stm32h7xx_ll_tim.o
    0x080041b8   0x080041b8   0x00000010   Code   RO         1871    .text.LL_TIM_OC_SetCompareCH2  stm32h7xx_ll_tim.o
    0x080041c8   0x080041c8   0x00000010   Code   RO         1879    .text.LL_TIM_OC_SetCompareCH3  stm32h7xx_ll_tim.o
    0x080041d8   0x080041d8   0x00000010   Code   RO         1881    .text.LL_TIM_OC_SetCompareCH4  stm32h7xx_ll_tim.o
    0x080041e8   0x080041e8   0x00000014   Code   RO         1883    .text.LL_TIM_OC_SetCompareCH5  stm32h7xx_ll_tim.o
    0x080041fc   0x080041fc   0x00000004   PAD
    0x08004200   0x08004200   0x00000010   Code   RO         1885    .text.LL_TIM_OC_SetCompareCH6  stm32h7xx_ll_tim.o
    0x08004210   0x08004210   0x00000010   Code   RO         1825    .text.LL_TIM_SetAutoReload  stm32h7xx_ll_tim.o
    0x08004220   0x08004220   0x00000010   Code   RO         1827    .text.LL_TIM_SetPrescaler  stm32h7xx_ll_tim.o
    0x08004230   0x08004230   0x00000010   Code   RO         1829    .text.LL_TIM_SetRepetitionCounter  stm32h7xx_ll_tim.o
    0x08004240   0x08004240   0x0000001a   Code   RO          154    .text.LL_TIM_SetTriggerOutput  tim.o
    0x0800425a   0x0800425a   0x00000006   PAD
    0x08004260   0x08004260   0x0000001c   Code   RO          209    .text.LL_USART_ConfigAsyncMode  usart.o
    0x0800427c   0x0800427c   0x00000004   PAD
    0x08004280   0x08004280   0x00000012   Code   RO          207    .text.LL_USART_DisableFIFO  usart.o
    0x08004292   0x08004292   0x00000006   PAD
    0x08004298   0x08004298   0x00000012   Code   RO          211    .text.LL_USART_Enable  usart.o
    0x080042aa   0x080042aa   0x00000006   PAD
    0x080042b0   0x080042b0   0x000001e6   Code   RO         1904    .text.LL_USART_Init  stm32h7xx_ll_usart.o
    0x08004496   0x08004496   0x00000002   PAD
    0x08004498   0x08004498   0x00000010   Code   RO          215    .text.LL_USART_IsActiveFlag_REACK  usart.o
    0x080044a8   0x080044a8   0x00000010   Code   RO          213    .text.LL_USART_IsActiveFlag_TEACK  usart.o
    0x080044b8   0x080044b8   0x00000010   Code   RO         1906    .text.LL_USART_IsEnabled  stm32h7xx_ll_usart.o
    0x080044c8   0x080044c8   0x000000a0   Code   RO         1912    .text.LL_USART_SetBaudRate  stm32h7xx_ll_usart.o
    0x08004568   0x08004568   0x0000001a   Code   RO         1910    .text.LL_USART_SetHWFlowCtrl  stm32h7xx_ll_usart.o
    0x08004582   0x08004582   0x00000006   PAD
    0x08004588   0x08004588   0x0000001c   Code   RO         1914    .text.LL_USART_SetPrescaler  stm32h7xx_ll_usart.o
    0x080045a4   0x080045a4   0x00000004   PAD
    0x080045a8   0x080045a8   0x00000032   Code   RO          205    .text.LL_USART_SetRXFIFOThreshold  usart.o
    0x080045da   0x080045da   0x00000006   PAD
    0x080045e0   0x080045e0   0x0000001a   Code   RO         1908    .text.LL_USART_SetStopBitsLength  stm32h7xx_ll_usart.o
    0x080045fa   0x080045fa   0x00000006   PAD
    0x08004600   0x08004600   0x00000032   Code   RO          203    .text.LL_USART_SetTXFIFOThreshold  usart.o
    0x08004632   0x08004632   0x00000006   PAD
    0x08004638   0x08004638   0x00000064   Code   RO          102    .text.MX_DMA_Init   dma.o
    0x0800469c   0x0800469c   0x00000004   PAD
    0x080046a0   0x080046a0   0x00000076   Code   RO          121    .text.MX_FDCAN1_Init  fdcan.o
    0x08004716   0x08004716   0x00000002   PAD
    0x08004718   0x08004718   0x0000007a   Code   RO          123    .text.MX_FDCAN2_Init  fdcan.o
    0x08004792   0x08004792   0x00000006   PAD
    0x08004798   0x08004798   0x0000007a   Code   RO          125    .text.MX_FDCAN3_Init  fdcan.o
    0x08004812   0x08004812   0x00000006   PAD
    0x08004818   0x08004818   0x000001b8   Code   RO           83    .text.MX_GPIO_Init  gpio.o
    0x080049d0   0x080049d0   0x0000014a   Code   RO          144    .text.MX_TIM2_Init  tim.o
    0x08004b1a   0x08004b1a   0x00000006   PAD
    0x08004b20   0x08004b20   0x000001c2   Code   RO          169    .text.MX_USART1_UART_Init  usart.o
    0x08004ce2   0x08004ce2   0x00000006   PAD
    0x08004ce8   0x08004ce8   0x0000014a   Code   RO          217    .text.MX_USART2_UART_Init  usart.o
    0x08004e32   0x08004e32   0x00000006   PAD
    0x08004e38   0x08004e38   0x00000004   Code   RO          235    .text.MemManage_Handler  stm32h7xx_it.o
    0x08004e3c   0x08004e3c   0x00000004   PAD
    0x08004e40   0x08004e40   0x00000004   Code   RO          231    .text.NMI_Handler   stm32h7xx_it.o
    0x08004e44   0x08004e44   0x00000004   PAD
    0x08004e48   0x08004e48   0x0000006c   Code   RO          108    .text.NVIC_EncodePriority  dma.o
    0x08004eb4   0x08004eb4   0x00000004   PAD
    0x08004eb8   0x08004eb8   0x0000006c   Code   RO          197    .text.NVIC_EncodePriority  usart.o
    0x08004f24   0x08004f24   0x00000004   PAD
    0x08004f28   0x08004f28   0x0000006c   Code   RO         1411    .text.NVIC_EncodePriority  stm32h7xx_hal_cortex.o
    0x08004f94   0x08004f94   0x00000004   PAD
    0x08004f98   0x08004f98   0x0000010c   Code   RO         1837    .text.OC1Config     stm32h7xx_ll_tim.o
    0x080050a4   0x080050a4   0x00000004   PAD
    0x080050a8   0x080050a8   0x00000114   Code   RO         1839    .text.OC2Config     stm32h7xx_ll_tim.o
    0x080051bc   0x080051bc   0x00000004   PAD
    0x080051c0   0x080051c0   0x00000112   Code   RO         1841    .text.OC3Config     stm32h7xx_ll_tim.o
    0x080052d2   0x080052d2   0x00000006   PAD
    0x080052d8   0x080052d8   0x000000e4   Code   RO         1843    .text.OC4Config     stm32h7xx_ll_tim.o
    0x080053bc   0x080053bc   0x00000004   PAD
    0x080053c0   0x080053c0   0x000000d2   Code   RO         1845    .text.OC5Config     stm32h7xx_ll_tim.o
    0x08005492   0x08005492   0x00000006   PAD
    0x08005498   0x08005498   0x000000d4   Code   RO         1847    .text.OC6Config     stm32h7xx_ll_tim.o
    0x0800556c   0x0800556c   0x00000004   PAD
    0x08005570   0x08005570   0x00000002   Code   RO          245    .text.PendSV_Handler  stm32h7xx_it.o
    0x08005572   0x08005572   0x00000006   PAD
    0x08005578   0x08005578   0x0000002a   Code   RO          629    .text.RCC_GetHCLKClockFreq  stm32h7xx_ll_rcc.o
    0x080055a2   0x080055a2   0x00000006   PAD
    0x080055a8   0x080055a8   0x0000002a   Code   RO          631    .text.RCC_GetPCLK1ClockFreq  stm32h7xx_ll_rcc.o
    0x080055d2   0x080055d2   0x00000006   PAD
    0x080055d8   0x080055d8   0x0000002a   Code   RO          633    .text.RCC_GetPCLK2ClockFreq  stm32h7xx_ll_rcc.o
    0x08005602   0x08005602   0x00000006   PAD
    0x08005608   0x08005608   0x00000074   Code   RO          627    .text.RCC_GetSystemClockFreq  stm32h7xx_ll_rcc.o
    0x0800567c   0x0800567c   0x00000004   PAD
    0x08005680   0x08005680   0x00000002   Code   RO          241    .text.SVC_Handler   stm32h7xx_it.o
    0x08005682   0x08005682   0x00000006   PAD
    0x08005688   0x08005688   0x00000052   Code   RO         1427    .text.SysTick_Config  stm32h7xx_hal_cortex.o
    0x080056da   0x080056da   0x00000006   PAD
    0x080056e0   0x080056e0   0x0000000c   Code   RO          247    .text.SysTick_Handler  stm32h7xx_it.o
    0x080056ec   0x080056ec   0x00000004   PAD
    0x080056f0   0x080056f0   0x00000100   Code   RO           13    .text.SystemClock_Config  main.o
    0x080057f0   0x080057f0   0x0000013a   Code   RO         1930    .text.SystemInit    system_stm32h7xx.o
    0x0800592a   0x0800592a   0x00000006   PAD
    0x08005930   0x08005930   0x00000008   Code   RO          259    .text.USART1_IRQHandler  stm32h7xx_it.o
    0x08005938   0x08005938   0x00000008   Code   RO          261    .text.USART2_IRQHandler  stm32h7xx_it.o
    0x08005940   0x08005940   0x00000004   Code   RO          239    .text.UsageFault_Handler  stm32h7xx_it.o
    0x08005944   0x08005944   0x00000004   PAD
    0x08005948   0x08005948   0x0000000c   Code   RO         2197    .text._GLOBAL__sub_I_board.cpp  board.o
    0x08005954   0x08005954   0x00000004   PAD
    0x08005958   0x08005958   0x00000010   Code   RO         2136    .text._GLOBAL__sub_I_chassis.cpp  chassis.o
    0x08005968   0x08005968   0x00000010   Code   RO         2166    .text._GLOBAL__sub_I_gimbal.cpp  gimbal.o
    0x08005978   0x08005978   0x00000064   Code   RO         2053    .text._Z13motorCallBack13LKMotorCanNumtPh  lkmotor.o
    0x080059dc   0x080059dc   0x00000004   PAD
    0x080059e0   0x080059e0   0x00000220   Code   RO         1984    .text._Z14dbusHandleDataPVKh  dbus.o
    0x08005c00   0x08005c00   0x000002e0   Code   RO         1982    .text._Z14sbusHandleDataPVKh  dbus.o
    0x08005ee0   0x08005ee0   0x00000052   Code   RO         2185    .text._ZL14SysTick_Configj  board.o
    0x08005f32   0x08005f32   0x00000006   PAD
    0x08005f38   0x08005f38   0x00000012   Code   RO         1958    .text._ZL15LL_USART_EnableP13USART_TypeDef  dbus.o
    0x08005f4a   0x08005f4a   0x00000006   PAD
    0x08005f50   0x08005f50   0x00000022   Code   RO         2195    .text._ZL17LL_GPIO_TogglePinP12GPIO_TypeDefj  board.o
    0x08005f72   0x08005f72   0x00000006   PAD
    0x08005f78   0x08005f78   0x00000042   Code   RO         2187    .text._ZL18__NVIC_SetPriority9IRQn_Typej  board.o
    0x08005fba   0x08005fba   0x00000006   PAD
    0x08005fc0   0x08005fc0   0x00000024   Code   RO         1954    .text._ZL19LL_DMA_EnableStreamP11DMA_TypeDefj  dbus.o
    0x08005fe4   0x08005fe4   0x00000004   PAD
    0x08005fe8   0x08005fe8   0x00000024   Code   RO         2087    .text._ZL19LL_DMA_EnableStreamP11DMA_TypeDefj  vision.o
    0x0800600c   0x0800600c   0x00000004   PAD
    0x08006010   0x08006010   0x0000006c   Code   RO         2189    .text._ZL19NVIC_EncodePriorityjjj  board.o
    0x0800607c   0x0800607c   0x00000004   PAD
    0x08006080   0x08006080   0x0000000e   Code   RO         1976    .text._ZL20LL_DMA_ClearFlag_HT0P11DMA_TypeDef  dbus.o
    0x0800608e   0x0800608e   0x00000002   PAD
    0x08006090   0x08006090   0x00000010   Code   RO         2101    .text._ZL20LL_DMA_ClearFlag_HT1P11DMA_TypeDef  vision.o
    0x080060a0   0x080060a0   0x0000000e   Code   RO         1978    .text._ZL20LL_DMA_ClearFlag_TC0P11DMA_TypeDef  dbus.o
    0x080060ae   0x080060ae   0x00000002   PAD
    0x080060b0   0x080060b0   0x00000010   Code   RO         2103    .text._ZL20LL_DMA_ClearFlag_TC1P11DMA_TypeDef  vision.o
    0x080060c0   0x080060c0   0x00000024   Code   RO         1972    .text._ZL20LL_DMA_DisableStreamP11DMA_TypeDefj  dbus.o
    0x080060e4   0x080060e4   0x00000004   PAD
    0x080060e8   0x080060e8   0x00000024   Code   RO         2097    .text._ZL20LL_DMA_DisableStreamP11DMA_TypeDefj  vision.o
    0x0800610c   0x0800610c   0x00000004   PAD
    0x08006110   0x08006110   0x00000022   Code   RO         1974    .text._ZL20LL_DMA_GetDataLengthP11DMA_TypeDefj  dbus.o
    0x08006132   0x08006132   0x00000006   PAD
    0x08006138   0x08006138   0x00000022   Code   RO         2099    .text._ZL20LL_DMA_GetDataLengthP11DMA_TypeDefj  vision.o
    0x0800615a   0x0800615a   0x00000006   PAD
    0x08006160   0x08006160   0x00000036   Code   RO         1952    .text._ZL20LL_DMA_SetDataLengthP11DMA_TypeDefjj  dbus.o
    0x08006196   0x08006196   0x00000002   PAD
    0x08006198   0x08006198   0x00000036   Code   RO         2085    .text._ZL20LL_DMA_SetDataLengthP11DMA_TypeDefjj  vision.o
    0x080061ce   0x080061ce   0x00000002   PAD
    0x080061d0   0x080061d0   0x0000000e   Code   RO         1966    .text._ZL21LL_USART_ReceiveData8PK13USART_TypeDef  dbus.o
    0x080061de   0x080061de   0x00000002   PAD
    0x080061e0   0x080061e0   0x0000000e   Code   RO         1964    .text._ZL22LL_USART_ClearFlag_OREP13USART_TypeDef  dbus.o
    0x080061ee   0x080061ee   0x00000002   PAD
    0x080061f0   0x080061f0   0x0000002a   Code   RO         1956    .text._ZL22LL_USART_EnableIT_IDLEP13USART_TypeDef  dbus.o
    0x0800621a   0x0800621a   0x00000006   PAD
    0x08006220   0x08006220   0x0000002a   Code   RO         2089    .text._ZL22LL_USART_EnableIT_IDLEP13USART_TypeDef  vision.o
    0x0800624a   0x0800624a   0x00000006   PAD
    0x08006250   0x08006250   0x00000024   Code   RO         1948    .text._ZL23LL_DMA_SetMemoryAddressP11DMA_TypeDefjj  dbus.o
    0x08006274   0x08006274   0x00000004   PAD
    0x08006278   0x08006278   0x00000024   Code   RO         2081    .text._ZL23LL_DMA_SetMemoryAddressP11DMA_TypeDefjj  vision.o
    0x0800629c   0x0800629c   0x00000004   PAD
    0x080062a0   0x080062a0   0x00000024   Code   RO         1950    .text._ZL23LL_DMA_SetPeriphAddressP11DMA_TypeDefjj  dbus.o
    0x080062c4   0x080062c4   0x00000004   PAD
    0x080062c8   0x080062c8   0x00000024   Code   RO         2083    .text._ZL23LL_DMA_SetPeriphAddressP11DMA_TypeDefjj  vision.o
    0x080062ec   0x080062ec   0x00000004   PAD
    0x080062f0   0x080062f0   0x0000000e   Code   RO         1970    .text._ZL23LL_USART_ClearFlag_IDLEP13USART_TypeDef  dbus.o
    0x080062fe   0x080062fe   0x00000002   PAD
    0x08006300   0x08006300   0x0000000e   Code   RO         2095    .text._ZL23LL_USART_ClearFlag_IDLEP13USART_TypeDef  vision.o
    0x0800630e   0x0800630e   0x00000002   PAD
    0x08006310   0x08006310   0x0000002a   Code   RO         1946    .text._ZL24LL_USART_EnableDMAReq_RXP13USART_TypeDef  dbus.o
    0x0800633a   0x0800633a   0x00000006   PAD
    0x08006340   0x08006340   0x0000002a   Code   RO         2079    .text._ZL24LL_USART_EnableDMAReq_RXP13USART_TypeDef  vision.o
    0x0800636a   0x0800636a   0x00000006   PAD
    0x08006370   0x08006370   0x00000010   Code   RO         1962    .text._ZL25LL_USART_IsActiveFlag_OREPK13USART_TypeDef  dbus.o
    0x08006380   0x08006380   0x00000030   Code   RO         1980    .text._ZL26LL_DMA_SetCurrentTargetMemP11DMA_TypeDefjj  dbus.o
    0x080063b0   0x080063b0   0x00000010   Code   RO         1968    .text._ZL26LL_USART_IsActiveFlag_IDLEPK13USART_TypeDef  dbus.o
    0x080063c0   0x080063c0   0x00000010   Code   RO         2093    .text._ZL26LL_USART_IsActiveFlag_IDLEPK13USART_TypeDef  vision.o
    0x080063d0   0x080063d0   0x00000010   Code   RO         2191    .text._ZL26__NVIC_GetPriorityGroupingv  board.o
    0x080063e0   0x080063e0   0x00000024   Code   RO         2002    .text._ZN5LaserC2EP12GPIO_TypeDefjP11TIM_TypeDefj  laser.o
    0x08006404   0x08006404   0x00000004   PAD
    0x08006408   0x08006408   0x00000024   Code   RO         2074    .text._ZN6CanMsgC2E13LKMotorCanNumt  lkmotor.o
    0x0800642c   0x0800642c   0x00000004   PAD
    0x08006430   0x08006430   0x00000034   Code   RO         2160    .text._ZN6Gimbal8ctrlMainEv  gimbal.o
    0x08006464   0x08006464   0x00000004   PAD
    0x08006468   0x08006468   0x0000000a   Code   RO         2158    .text._ZN6GimbalC2Ev  gimbal.o
    0x08006472   0x08006472   0x00000006   PAD
    0x08006478   0x08006478   0x00000020   Code   RO         2126    .text._ZN7Chassis11changeWidthEv  chassis.o
    0x08006498   0x08006498   0x000000e0   Code   RO         2132    .text._ZN7Chassis17chassisExhaustionEv  chassis.o
    0x08006578   0x08006578   0x000001bc   Code   RO         2130    .text._ZN7Chassis4ctrlEv  chassis.o
    0x08006734   0x08006734   0x00000004   PAD
    0x08006738   0x08006738   0x000003b4   Code   RO         2128    .text._ZN7Chassis4moveEv  chassis.o
    0x08006aec   0x08006aec   0x00000004   PAD
    0x08006af0   0x08006af0   0x0000011a   Code   RO         2134    .text._ZN7Chassis9chassisOnEv  chassis.o
    0x08006c0a   0x08006c0a   0x00000006   PAD
    0x08006c10   0x08006c10   0x0000010c   Code   RO         2124    .text._ZN7ChassisC2Ev  chassis.o
    0x08006d1c   0x08006d1c   0x00000004   PAD
    0x08006d20   0x08006d20   0x00000080   Code   RO         2047    .text._ZN7LKMotor11ctrlPositonEdt  lkmotor.o
    0x08006da0   0x08006da0   0x00000190   Code   RO         2051    .text._ZN7LKMotor12fbDataHandleEPh  lkmotor.o
    0x08006f30   0x08006f30   0x00000078   Code   RO         2049    .text._ZN7LKMotor13ctrlIncrementEdj  lkmotor.o
    0x08006fa8   0x08006fa8   0x00000024   Code   RO         2041    .text._ZN7LKMotor8runMotorEv  lkmotor.o
    0x08006fcc   0x08006fcc   0x00000004   PAD
    0x08006fd0   0x08006fd0   0x000000d0   Code   RO         2045    .text._ZN7LKMotor9ctrlSpeedEf  lkmotor.o
    0x080070a0   0x080070a0   0x00000024   Code   RO         2039    .text._ZN7LKMotor9stopMotorEv  lkmotor.o
    0x080070c4   0x080070c4   0x00000004   PAD
    0x080070c8   0x080070c8   0x00000118   Code   RO         2037    .text._ZN7LKMotor9updatePidEv  lkmotor.o
    0x080071e0   0x080071e0   0x00000058   Code   RO         2031    .text._ZN7LKMotorC2E13LKMotorCanNumi  lkmotor.o
    0x08007238   0x08007238   0x0000000e   Code   RO         2072    .text._ZN7LKMotorUt2_C2Ev  lkmotor.o
    0x08007246   0x08007246   0x00000002   PAD
    0x08007248   0x08007248   0x0000001c   Code   RO         2149    .text._ZNSt3__26__math5atan2B8nn200000Eff  chassis.o
    0x08007264   0x08007264   0x00000004   PAD
    0x08007268   0x08007268   0x00000030   Code   RO          112    .text.__NVIC_EnableIRQ  dma.o
    0x08007298   0x08007298   0x00000030   Code   RO          201    .text.__NVIC_EnableIRQ  usart.o
    0x080072c8   0x080072c8   0x00000030   Code   RO         1415    .text.__NVIC_EnableIRQ  stm32h7xx_hal_cortex.o
    0x080072f8   0x080072f8   0x00000010   Code   RO          110    .text.__NVIC_GetPriorityGrouping  dma.o
    0x08007308   0x08007308   0x00000010   Code   RO          199    .text.__NVIC_GetPriorityGrouping  usart.o
    0x08007318   0x08007318   0x00000010   Code   RO         1407    .text.__NVIC_GetPriorityGrouping  stm32h7xx_hal_cortex.o
    0x08007328   0x08007328   0x00000042   Code   RO          106    .text.__NVIC_SetPriority  dma.o
    0x0800736a   0x0800736a   0x00000006   PAD
    0x08007370   0x08007370   0x00000042   Code   RO          195    .text.__NVIC_SetPriority  usart.o
    0x080073b2   0x080073b2   0x00000006   PAD
    0x080073b8   0x080073b8   0x00000042   Code   RO         1409    .text.__NVIC_SetPriority  stm32h7xx_hal_cortex.o
    0x080073fa   0x080073fa   0x00000006   PAD
    0x08007400   0x08007400   0x0000003c   Code   RO         1403    .text.__NVIC_SetPriorityGrouping  stm32h7xx_hal_cortex.o
    0x0800743c   0x0800743c   0x00000004   PAD
    0x08007440   0x08007440   0x00000040   Code   RO         2118    .text.__cxx_global_var_init  chassis.o
    0x08007480   0x08007480   0x00000082   Code   RO         2152    .text.__cxx_global_var_init  gimbal.o
    0x08007502   0x08007502   0x00000006   PAD
    0x08007508   0x08007508   0x00000010   Code   RO         2179    .text.__cxx_global_var_init  board.o
    0x08007518   0x08007518   0x00000028   Code   RO         2120    .text.__cxx_global_var_init.1  chassis.o
    0x08007540   0x08007540   0x00000014   Code   RO         2154    .text.__cxx_global_var_init.1  gimbal.o
    0x08007554   0x08007554   0x00000004   PAD
    0x08007558   0x08007558   0x00000010   Code   RO         2181    .text.__cxx_global_var_init.1  board.o
    0x08007568   0x08007568   0x00000014   Code   RO         2122    .text.__cxx_global_var_init.2  chassis.o
    0x0800757c   0x0800757c   0x00000004   PAD
    0x08007580   0x08007580   0x00000014   Code   RO         2156    .text.__cxx_global_var_init.2  gimbal.o
    0x08007594   0x08007594   0x00000004   PAD
    0x08007598   0x08007598   0x00000042   Code   RO         2183    .text.allInit       board.o
    0x080075da   0x080075da   0x00000006   PAD
    0x080075e0   0x080075e0   0x00000136   Code   RO         2057    .text.canInit       lkmotor.o
    0x08007716   0x08007716   0x00000002   PAD
    0x08007718   0x08007718   0x00000114   Code   RO         1960    .text.dbusCallBack  dbus.o
    0x0800782c   0x0800782c   0x00000004   PAD
    0x08007830   0x08007830   0x0000005c   Code   RO         1944    .text.dbusInit      dbus.o
    0x0800788c   0x0800788c   0x00000004   PAD
    0x08007890   0x08007890   0x00000038   Code   RO           11    .text.main          main.o
    0x080078c8   0x080078c8   0x0000017e   Code   RO         2193    .text.schedule      board.o
    0x08007a46   0x08007a46   0x00000002   PAD
    0x08007a48   0x08007a48   0x00000074   Code   RO         2035    .text.sendMotorMsg  lkmotor.o
    0x08007abc   0x08007abc   0x00000004   PAD
    0x08007ac0   0x08007ac0   0x00000088   Code   RO         2091    .text.visionCallBack  vision.o
    0x08007b48   0x08007b48   0x00000086   Code   RO         2077    .text.visionInit    vision.o
    0x08007bce   0x08007bce   0x00000026   Code   RO         2296    i.__ARM_fpclassifyf  m_wv.l(fpclassifyf.o)
    0x08007bf4   0x08007bf4   0x000002ac   Code   RO         2229    i.__hardfp_atan2f   m_wv.l(atan2f.o)
    0x08007ea0   0x08007ea0   0x00000190   Code   RO         2235    i.__hardfp_sinf     m_wv.l(sinf.o)
    0x08008030   0x08008030   0x00000006   Code   RO         2299    i.__mathlib_flt_infnan  m_wv.l(funder.o)
    0x08008036   0x08008036   0x00000006   Code   RO         2300    i.__mathlib_flt_infnan2  m_wv.l(funder.o)
    0x0800803c   0x0800803c   0x00000010   Code   RO         2301    i.__mathlib_flt_invalid  m_wv.l(funder.o)
    0x0800804c   0x0800804c   0x00000010   Code   RO         2304    i.__mathlib_flt_underflow  m_wv.l(funder.o)
    0x0800805c   0x0800805c   0x00000154   Code   RO         2312    i.__mathlib_rredf2  m_wv.l(rredf.o)
    0x080081b0   0x080081b0   0x0000001a   Code   RO         2342    x$fpl$fpinit        fz_wv.l(fpinit.o)
    0x080081ca   0x080081ca   0x00000000   Code   RO         2295    x$fpl$usenofp       fz_wv.l(usenofp.o)
    0x080081ca   0x080081ca   0x00000002   PAD
    0x080081cc   0x080081cc   0x00000020   Data   RO         2313    .constdata          m_wv.l(rredf.o)
    0x080081ec   0x080081ec   0x0000004c   Data   RO          606    .rodata..L__const.HAL_FDCAN_Init.CvtEltSize  stm32h7xx_hal_fdcan.o
    0x08008238   0x08008238   0x00000010   Data   RO         1936    .rodata.D1CorePrescTable  system_stm32h7xx.o
    0x08008248   0x08008248   0x00000010   Data   RO          607    .rodata.DLCtoBytes  stm32h7xx_hal_fdcan.o
    0x08008258   0x08008258   0x00000008   Data   RO          223    .rodata.LL_DMA_STR_OFFSET_TAB  usart.o
    0x08008260   0x08008260   0x00000010   Data   RO          809    .rodata.LL_RCC_PrescTable  stm32h7xx_ll_rcc.o
    0x08008270   0x08008270   0x00000009   Data   RO          160    .rodata.OFFSET_TAB_CCMRx  tim.o
    0x08008279   0x08008279   0x00000009   Data   RO          161    .rodata.SHIFT_TAB_OCxx  tim.o
    0x08008282   0x08008282   0x00000002   PAD
    0x08008284   0x08008284   0x00000030   Data   RO         1922    .rodata.USART_PRESCALER_TAB  stm32h7xx_ll_usart.o
    0x080082b4   0x080082b4   0x00000008   Data   RO         1994    .rodata._ZL21LL_DMA_STR_OFFSET_TAB  dbus.o
    0x080082bc   0x080082bc   0x00000008   Data   RO         2110    .rodata._ZL21LL_DMA_STR_OFFSET_TAB  vision.o
    0x080082c4   0x080082c4   0x00000020   Data   RO         2447    Region$$Table       anon$$obj.o
    0x080082e4   0x080082e4   0x00000004   Data   RO         2142    .init_array         chassis.o
    0x080082e8   0x080082e4   0x00000004   Data   RO         2171    .init_array         gimbal.o
    0x080082ec   0x080082e4   0x00000004   Data   RO         2203    .init_array         board.o
    0x080082f0   0x080082e4   0x00000000   Data   RO         2224    .init_array         c_w.l(init_aeabi.o)


    Execution Region RW_IRAM1 (Exec base: 0x20000000, Load base: 0x080082f0, Size: 0x00000000, Max: 0x00020000, ABSOLUTE)

    **** No section assigned to this execution region ****


    Execution Region RW_IRAM2 (Exec base: 0x24000000, Load base: 0x080082f0, Size: 0x00000b20, Max: 0x00050000, ABSOLUTE)

    Exec Addr    Load Addr    Size         Type   Attr      Idx    E Section Name        Object

    0x24000000   0x080082f0   0x00000004   Data   RW         1934    .data.SystemCoreClock  system_stm32h7xx.o
    0x24000004   0x080082f4   0x00000004   Data   RW         1935    .data.SystemD2Clock  system_stm32h7xx.o
    0x24000008   0x080082f8   0x00000001   Data   RW         2202    .data.isExhaustion  board.o
    0x24000009   0x080082f9   0x00000001   Data   RW         1587    .data.uwTickFreq    stm32h7xx_hal.o
    0x2400000a   0x080082fa   0x00000002   PAD
    0x2400000c   0x080082fc   0x00000004   Data   RW         1586    .data.uwTickPrio    stm32h7xx_hal.o
    0x24000010        -       0x00000060   Zero   RW         2345    .bss                c_w.l(libspace.o)
    0x24000070        -       0x00000004   Zero   RW          136    .bss.HAL_RCC_FDCAN_CLK_ENABLED  fdcan.o
    0x24000074        -       0x00000004   Zero   RW         2108    .bss.boardToNuc     vision.o
    0x24000078        -       0x00000058   Zero   RW         2199    .bss.chassis        board.o
    0x240000d0        -       0x00000020   Zero   RW         1989    .bss.dbusCH         dbus.o
    0x240000f0        -       0x00000004   Zero   RW         1991    .bss.dbusResTime    dbus.o
    0x240000f4        -       0x00000004   Zero   RW         1993    .bss.dbusResTimeErr  dbus.o
    0x240000f8        -       0x00000004   Zero   RW         1992    .bss.dbusResTimeLast  dbus.o
    0x240000fc        -       0x00000002   Zero   RW         1990    .bss.dmalen         dbus.o
    0x240000fe        -       0x00000001   Zero   RW         2200    .bss.gimbal         board.o
    0x240000ff   0x08008300   0x00000001   PAD
    0x24000100        -       0x000000a0   Zero   RW          133    .bss.hfdcan1        fdcan.o
    0x240001a0        -       0x000000a0   Zero   RW          134    .bss.hfdcan2        fdcan.o
    0x24000240        -       0x000000a0   Zero   RW          135    .bss.hfdcan3        fdcan.o
    0x240002e0        -       0x00000040   Zero   RW         2168    .bss.laser          gimbal.o
    0x24000320        -       0x00000060   Zero   RW         2063    .bss.lkMotorMap     lkmotor.o
    0x24000380        -       0x00000028   Zero   RW         2107    .bss.nucToBoard     vision.o
    0x240003a8        -       0x00000044   Zero   RW         2170    .bss.pitch          gimbal.o
    0x240003ec        -       0x0000001c   Zero   RW         1986    .bss.rc             dbus.o
    0x24000408        -       0x00000088   Zero   RW         2139    .bss.rudder         chassis.o
    0x24000490        -       0x00000028   Zero   RW         2065    .bss.rxHeader       lkmotor.o
    0x240004b8        -       0x00000032   Zero   RW         1988    .bss.sbusRxBuf      dbus.o
    0x240004ea        -       0x00000019   Zero   RW         1987    .bss.sbusRxBuffer   dbus.o
    0x24000503   0x08008300   0x00000001   PAD
    0x24000504        -       0x00000044   Zero   RW         2140    .bss.screw          chassis.o
    0x24000548        -       0x00000008   Zero   RW         2201    .bss.sysTickTime    board.o
    0x24000550        -       0x00000024   Zero   RW         2064    .bss.txHeader       lkmotor.o
    0x24000574        -       0x00000004   Zero   RW         1588    .bss.uwTick         stm32h7xx_hal.o
    0x24000578        -       0x00000050   Zero   RW         2109    .bss.visionResBuffer  vision.o
    0x240005c8        -       0x00000110   Zero   RW         2138    .bss.wheel          chassis.o
    0x240006d8        -       0x00000044   Zero   RW         2169    .bss.yaw            gimbal.o
    0x2400071c   0x08008300   0x00000004   PAD
    0x24000720        -       0x00000400   Zero   RW            1    STACK               startup_stm32h723xx.o


==============================================================================

Image component sizes


      Code (inc. data)   RO Data    RW Data    ZI Data      Debug   Object Name

       798          0          4          1         97      21254   board.o
      2366         52          4          0        476      17394   chassis.o
      2132         12          8          0        149      20427   dbus.o
       372          0          0          0          0       7860   dma.o
       896          0          0          0        484      10502   fdcan.o
       248          4          4          0        200      16207   gimbal.o
       672          0          0          0          0       4778   gpio.o
        36          0          0          0          0      17302   laser.o
      2080         24          0          0        172      35548   lkmotor.o
      1076          0          0          0          0       6815   main.o
        36          8        716          0       1024        832   startup_stm32h723xx.o
       294          0          0          5          4      14616   stm32h7xx_hal.o
       478          0          0          0          0      11491   stm32h7xx_hal_cortex.o
      5340          0         92          0          0      33567   stm32h7xx_hal_fdcan.o
       936          0          0          0          0       6981   stm32h7xx_hal_gpio.o
        36          0          0          0          0       2228   stm32h7xx_hal_msp.o
       764         66          0          0          0      11382   stm32h7xx_hal_rcc.o
       108          0          0          0          0       1749   stm32h7xx_it.o
      1136          0          0          0          0       5793   stm32h7xx_ll_exti.o
       436          0          0          0          0       5061   stm32h7xx_ll_gpio.o
      2570         42         16          0          0      19329   stm32h7xx_ll_rcc.o
      2232          0          0          0          0      11385   stm32h7xx_ll_tim.o
       742          0         48          0          0       6038   stm32h7xx_ll_usart.o
        20          0          0          0          0      10385   stm32h7xx_ll_utils.o
       314          0         16          8          0       5184   system_stm32h7xx.o
       904          0         18          0          0       5191   tim.o
      1838          0          8          0          0      12667   usart.o
       648          0          8          0        124      17918   vision.o

    ----------------------------------------------------------------------
     30418        228        976         16       2736     339884   Object Totals
         0          0         32          0          0          0   (incl. Generated)
       910         20          2          2          6          0   (incl. Padding)

    ----------------------------------------------------------------------

      Code (inc. data)   RO Data    RW Data    ZI Data      Debug   Library Member Name

         8          0          0          0          0         68   __main.o
         0          0          0          0          0          0   __rtentry.o
        12          0          0          0          0          0   __rtentry2.o
         8          4          0          0          0          0   __rtentry5.o
        94          8          0          0          0          0   __scatter.o
        26          0          0          0          0          0   __scatter_copy.o
        28          0          0          0          0          0   __scatter_zi.o
        22          0          0          0          0        100   _rserrno.o
        18          0          0          0          0         80   exit.o
         0          0          0          0          0          0   indicate_semi.o
        44          8          0          0          0         80   init_aeabi.o
         2          0          0          0          0          0   libinit.o
        10          0          0          0          0          0   libinit2.o
         2          0          0          0          0          0   libshutdown.o
         2          0          0          0          0          0   libshutdown2.o
         0          0          0          0         96          0   libspace.o
         8          4          0          0          0         68   rt_errno_addr_intlibspace.o
       138          0          0          0          0         68   rt_memcpy_v6.o
       100          0          0          0          0         80   rt_memcpy_w.o
         2          0          0          0          0          0   rtexit.o
        10          0          0          0          0          0   rtexit2.o
        12          4          0          0          0         68   sys_exit.o
         2          0          0          0          0         68   use_no_semi.o
        26          0          0          0          0        116   fpinit.o
         0          0          0          0          0          0   usenofp.o
       684         90          0          0          0        208   atan2f.o
        38          0          0          0          0        116   fpclassifyf.o
        44         12          0          0          0        464   funder.o
       340         24         32          0          0        160   rredf.o
       400         56          0          0          0        212   sinf.o

    ----------------------------------------------------------------------
      2094        214         32          0         96       1956   Library Totals
        14          4          0          0          0          0   (incl. Padding)

    ----------------------------------------------------------------------

      Code (inc. data)   RO Data    RW Data    ZI Data      Debug   Library Name

       548         28          0          0         96        680   c_w.l
        26          0          0          0          0        116   fz_wv.l
      1506        182         32          0          0       1160   m_wv.l

    ----------------------------------------------------------------------
      2094        214         32          0         96       1956   Library Totals

    ----------------------------------------------------------------------

==============================================================================


      Code (inc. data)   RO Data    RW Data    ZI Data      Debug   

     32512        442       1008         16       2832     340428   Grand Totals
     32512        442       1008         16       2832     340428   ELF Image Totals
     32512        442       1008         16          0          0   ROM Totals

==============================================================================

    Total RO  Size (Code + RO Data)                33520 (  32.73kB)
    Total RW  Size (RW Data + ZI Data)              2848 (   2.78kB)
    Total ROM Size (Code + RO Data + RW Data)      33536 (  32.75kB)

==============================================================================

